按 rule_count >= 1 过滤：764 -> 107 个栏目

########## 教务处（15 个栏目） ##########
  第 1 页 https://jwc.sspu.edu.cn/885/list.htm -> 11 条
  第 2 页 https://jwc.sspu.edu.cn/885/list2.psp -> 0 条
按标题关键词过滤掉 8 条（公示/名单/招生信息等）
登记表里已有同一制度 3 条，跳过（避免信息公开与部门站重复收录）：
    上海第二工业大学实践教学及实验室管理办法（2017年修订）
    上海第二工业大学创新创业学分管理办法
    上海第二工业大学 “大学生创新创业活动计划”项目管理办法（修订）
候选 0 条：
  第 1 页 https://jwc.sspu.edu.cn/888/list.htm -> 6 条
  第 2 页 https://jwc.sspu.edu.cn/888/list2.psp -> 0 条
按标题关键词过滤掉 4 条（公示/名单/招生信息等）
登记表里已有同一制度 2 条，跳过（避免信息公开与部门站重复收录）：
    普通话水平测试管理规定
    上海市实施《中华人民共和国国家通用语言文字法》办法
候选 0 条：
  第 1 页 https://jwc.sspu.edu.cn/889/list.htm -> 4 条
  第 2 页 https://jwc.sspu.edu.cn/889/list2.psp -> 0 条
按标题关键词过滤掉 3 条（公示/名单/招生信息等）
登记表里已有同一制度 1 条，跳过（避免信息公开与部门站重复收录）：
    上海第二工业大学非学历继续教育项目管理实施细则
候选 0 条：
  第 1 页 https://jwc.sspu.edu.cn/908/list.htm -> 7 条
  第 2 页 https://jwc.sspu.edu.cn/908/list2.psp -> 0 条
按标题关键词过滤掉 1 条（公示/名单/招生信息等）
登记表里已有同一制度 6 条，跳过（避免信息公开与部门站重复收录）：
    教学管理文件汇编
    上海第二工业大学学生转专业实施办法（修订）
    上海第二工业大学延长学业学生管理办法
    上海第二工业大学创新创业学分管理办法
    上海第二工业大学 “大学生创新创业活动计划”项目管理办法（修订）
候选 0 条：
  第 1 页 https://jwc.sspu.edu.cn/923/list.htm -> 6 条
  第 2 页 https://jwc.sspu.edu.cn/923/list2.psp -> 0 条
按标题关键词过滤掉 5 条（公示/名单/招生信息等）
登记表里已有同一制度 1 条，跳过（避免信息公开与部门站重复收录）：
    上海第二工业大学教学研究与改革项目管理办法（2023年修订）
候选 0 条：
  第 1 页 https://jwc.sspu.edu.cn/925/list.htm -> 4 条
  第 2 页 https://jwc.sspu.edu.cn/925/list2.psp -> 0 条
按标题关键词过滤掉 3 条（公示/名单/招生信息等）
登记表里已有同一制度 1 条，跳过（避免信息公开与部门站重复收录）：
    上海第二工业大学学业导师管理办法 （2017年修订）
候选 0 条：
  第 1 页 https://jwc.sspu.edu.cn/926/list.htm -> 7 条
  第 2 页 https://jwc.sspu.edu.cn/926/list2.psp -> 0 条
按标题关键词过滤掉 5 条（公示/名单/招生信息等）
登记表里已有同一制度 2 条，跳过（避免信息公开与部门站重复收录）：
    本科毕业设计（论文）学生手册（2019年修订）
    高职毕业实践与制作（论文）学生手册（2018年版）
候选 0 条：
  第 1 页 https://jwc.sspu.edu.cn/927/list.htm -> 11 条
  第 2 页 https://jwc.sspu.edu.cn/927/list2.psp -> 0 条
按标题关键词过滤掉 8 条（公示/名单/招生信息等）
登记表里已有同一制度 3 条，跳过（避免信息公开与部门站重复收录）：
    上海第二工业大学实践教学及实验室管理办法（2017年修订）
    上海第二工业大学创新创业学分管理办法
    上海第二工业大学 “大学生创新创业活动计划”项目管理办法（修订）
候选 0 条：
  第 1 页 https://jwc.sspu.edu.cn/933/list.htm -> 8 条
  第 2 页 https://jwc.sspu.edu.cn/933/list2.psp -> 0 条
按标题关键词过滤掉 5 条（公示/名单/招生信息等）
登记表里已有同一制度 3 条，跳过（避免信息公开与部门站重复收录）：
    上海第二工业大学  关于补办学历、学位证明（书）的规定（2024年修订）
    中华人民共和国学位条例暂行实施办法
    中华人民共和国学位条例（2004年修订）
候选 0 条：
  第 1 页 https://jwc.sspu.edu.cn/935/list.htm -> 6 条
  第 2 页 https://jwc.sspu.edu.cn/935/list2.psp -> 0 条
按标题关键词过滤掉 6 条（公示/名单/招生信息等）
候选 0 条：
  第 1 页 https://jwc.sspu.edu.cn/937/list.htm -> 3 条
  第 2 页 https://jwc.sspu.edu.cn/937/list2.psp -> 0 条
按标题关键词过滤掉 0 条（公示/名单/招生信息等）
登记表里已有同一制度 3 条，跳过（避免信息公开与部门站重复收录）：
    上海市西南片辅修专业学士学位管理试行办法(2012年4月)
    上海市西南片辅修专业学士学位学籍管理办法(2012年4月)
    上海市东北片普通高校合作办学学生跨校学习管理条例
候选 0 条：
  第 1 页 https://jwc.sspu.edu.cn/938/list.htm -> 6 条
  第 2 页 https://jwc.sspu.edu.cn/938/list2.psp -> 0 条
按标题关键词过滤掉 6 条（公示/名单/招生信息等）
候选 0 条：
  第 1 页 https://jwc.sspu.edu.cn/941/list.htm -> 1 条
  第 2 页 https://jwc.sspu.edu.cn/941/list2.psp -> 0 条
按标题关键词过滤掉 0 条（公示/名单/招生信息等）
登记表里已有同一制度 1 条，跳过（避免信息公开与部门站重复收录）：
    上海第二工业大学课程考核工作管理细则
候选 0 条：
  第 1 页 https://jwc.sspu.edu.cn/943/list.htm -> 3 条
  第 2 页 https://jwc.sspu.edu.cn/943/list2.psp -> 0 条
按标题关键词过滤掉 2 条（公示/名单/招生信息等）
登记表里已有同一制度 1 条，跳过（避免信息公开与部门站重复收录）：
    补考课程冲突处理办法
候选 0 条：
  第 1 页 https://jwc.sspu.edu.cn/944/list.htm -> 6 条
  第 2 页 https://jwc.sspu.edu.cn/944/list2.psp -> 0 条
按标题关键词过滤掉 4 条（公示/名单/招生信息等）
登记表里已有同一制度 2 条，跳过（避免信息公开与部门站重复收录）：
    普通话水平测试管理规定
    上海市实施《中华人民共和国国家通用语言文字法》办法
候选 0 条：

########## 财务处（7 个栏目） ##########
  第 1 页 https://cwc.sspu.edu.cn/1235/list.htm -> 19 条
  第 2 页 https://cwc.sspu.edu.cn/1235/list2.htm -> 20 条
  第 3 页 https://cwc.sspu.edu.cn/1235/list3.htm -> 19 条
  第 4 页 https://cwc.sspu.edu.cn/1235/list4.htm -> 13 条
按标题关键词过滤掉 41 条（公示/名单/招生信息等）
  旧版本丢弃：党政机关国内公务接待管理规定（2013新版）
  旧版本丢弃：党政机关国内公务接待管理规定（2013新版）
  旧版本丢弃：高等学校财务制度
  旧版本丢弃：高等学校会计制度
登记表里已有同一制度 9 条，跳过（避免信息公开与部门站重复收录）：
    中华人民共和国政府采购法实施条例
    党政机关国内公务接待管理规定（2013新版）
    上海市市级机关外宾接待经费管理办法
    高等学校会计制度（最新）
    教育部关于加强部署高校科研经费管理办法
候选 2 条：
  [page] 中华人民共和国现金管理暂行条例
  [page] 会计证管理办法
已保存正文页：data/raw/财务处/2011/财务处_中华人民共和国现金管理暂行条例_2011.htm
已保存正文页：data/raw/财务处/2011/财务处_会计证管理办法_2011.htm
本次处理 2 条，登记表累计 199 行
  第 1 页 https://cwc.sspu.edu.cn/1236/list.htm -> 19 条
  第 2 页 https://cwc.sspu.edu.cn/1236/list2.htm -> 7 条
  第 3 页 https://cwc.sspu.edu.cn/1236/list3.htm -> 5 条
  第 4 页 https://cwc.sspu.edu.cn/1236/list4.htm -> 5 条
按标题关键词过滤掉 15 条（公示/名单/招生信息等）
登记表里已有同一制度 4 条，跳过（避免信息公开与部门站重复收录）：
    上海市中长期教育改革和发展规划纲要（2010-2020年）财政专项资金管理办法
    人才引进和师资队伍建设专项经费管理办法
    “十二五”上海市高等教育内涵建设市级教育专项资金使用管理办法
    上海第二工业大学捐赠管理办法
候选 0 条：
按 rule_count >= 1 过滤：764 -> 107 个栏目

########## 教务处（15 个栏目） ##########
