
########## 教务处（39 个栏目） ##########
  第 1 页 https://jwc.sspu.edu.cn/883/list.htm -> 0 条
  第 2 页 https://jwc.sspu.edu.cn/883/list2.psp -> 0 条
按标题关键词过滤掉 0 条（公示/名单/招生信息等）
候选 0 条：
  第 1 页 https://jwc.sspu.edu.cn/884/list.htm -> 2 条
  第 2 页 https://jwc.sspu.edu.cn/884/list2.psp -> 0 条
按标题关键词过滤掉 2 条（公示/名单/招生信息等）
候选 0 条：
  第 1 页 https://jwc.sspu.edu.cn/885/list.htm -> 11 条
  第 2 页 https://jwc.sspu.edu.cn/885/list2.psp -> 0 条
按标题关键词过滤掉 8 条（公示/名单/招生信息等）
候选 3 条：
  [page] 上海第二工业大学实践教学及实验室管理办法（2017年修订）
  [page] 上海第二工业大学创新创业学分管理办法
  [page] 上海第二工业大学 “大学生创新创业活动计划”项目管理办法（修订）
  正文内发现 1 个附件，改取附件
已保存：data/raw/教务处/2019/教务处_上海第二工业大学实践教学及实验室管理办法（2017年修订）_2019.doc  扫描件= 页数=
  正文内发现 1 个附件，改取附件
已保存：data/raw/教务处/2018/教务处_上海第二工业大学创新创业学分管理办法_2018.docx  扫描件= 页数=
  正文内发现 1 个附件，改取附件
已保存：data/raw/教务处/2018/教务处_上海第二工业大学_“大学生创新创业活动计划”项目管理办法（修订）_2018.doc  扫描件= 页数=
本次处理 3 条，登记表累计 6 行
  第 1 页 https://jwc.sspu.edu.cn/886/list.htm -> 15 条
  第 2 页 https://jwc.sspu.edu.cn/886/list2.htm -> 6 条
按标题关键词过滤掉 15 条（公示/名单/招生信息等）
登记表里已有同一制度 2 条，跳过（避免信息公开与部门站重复收录）：
    上海第二工业大学学生转专业实施办法（2019版）
    上海第二工业大学延长学业学生管理办法（2024年修订）
候选 4 条：
  [page] 上海第二工业大学关于特色运动队运动员学籍管理和奖励的补充规定（2024年修订）
  [page] 上海第二工业大学外国留学生学历教育学籍管理办法（试行）
  [page] 上海第二工业大学应征入伍学生学籍管理规定（修订）
  [page] 《上海第二工业大学全日制本专科学生学籍管理办法（2024年修订）》
已保存正文页：data/raw/教务处/2019/教务处_上海第二工业大学关于特色运动队运动员学籍管理和奖励的补充规定（2024年修订）_2019.htm
  正文内发现 1 个附件，改取附件
已保存：data/raw/教务处/2019/教务处_上海第二工业大学外国留学生学历教育学籍管理办法（试行）_2019.pdf  扫描件=False 页数=5
已保存正文页：data/raw/教务处/2019/教务处_上海第二工业大学应征入伍学生学籍管理规定（修订）_2019.htm
已保存正文页：data/raw/教务处/2019/教务处_《上海第二工业大学全日制本专科学生学籍管理办法（2024年修订）》_2019.htm
本次处理 4 条，登记表累计 10 行
  第 1 页 https://jwc.sspu.edu.cn/887/list.htm -> 2 条
  第 2 页 https://jwc.sspu.edu.cn/887/list2.psp -> 0 条
按标题关键词过滤掉 2 条（公示/名单/招生信息等）
候选 0 条：
  第 1 页 https://jwc.sspu.edu.cn/888/list.htm -> 6 条
  第 2 页 https://jwc.sspu.edu.cn/888/list2.psp -> 0 条
按标题关键词过滤掉 4 条（公示/名单/招生信息等）
候选 2 条：
  [page] 普通话水平测试管理规定
  [page] 上海市实施《中华人民共和国国家通用语言文字法》办法
已保存正文页：data/raw/教务处/2021/教务处_普通话水平测试管理规定_2021.htm
  正文内发现 1 个附件，改取附件
已保存：data/raw/教务处/2019/教务处_上海市实施《中华人民共和国国家通用语言文字法》办法_2019.pdf  扫描件=False 页数=6
本次处理 2 条，登记表累计 12 行
  第 1 页 https://jwc.sspu.edu.cn/889/list.htm -> 4 条
  第 2 页 https://jwc.sspu.edu.cn/889/list2.psp -> 0 条
按标题关键词过滤掉 3 条（公示/名单/招生信息等）
候选 1 条：
  [page] 上海第二工业大学非学历继续教育项目管理实施细则
已保存正文页：data/raw/教务处/2025/教务处_上海第二工业大学非学历继续教育项目管理实施细则_2025.htm
本次处理 1 条，登记表累计 13 行
  第 1 页 https://jwc.sspu.edu.cn/895/list.htm -> 15 条
  第 2 页 https://jwc.sspu.edu.cn/895/list2.htm -> 15 条
按标题关键词过滤掉 30 条（公示/名单/招生信息等）
候选 0 条：
  第 1 页 https://jwc.sspu.edu.cn/896/list.htm -> 15 条
  第 2 页 https://jwc.sspu.edu.cn/896/list2.htm -> 15 条
按标题关键词过滤掉 30 条（公示/名单/招生信息等）
候选 0 条：
  第 1 页 https://jwc.sspu.edu.cn/897/list.htm -> 15 条
  第 2 页 https://jwc.sspu.edu.cn/897/list2.htm -> 15 条
按标题关键词过滤掉 30 条（公示/名单/招生信息等）
候选 0 条：
  第 1 页 https://jwc.sspu.edu.cn/898/list.htm -> 15 条
  第 2 页 https://jwc.sspu.edu.cn/898/list2.htm -> 15 条
按标题关键词过滤掉 30 条（公示/名单/招生信息等）
候选 0 条：
  第 1 页 https://jwc.sspu.edu.cn/908/list.htm -> 7 条
  第 2 页 https://jwc.sspu.edu.cn/908/list2.psp -> 0 条
按标题关键词过滤掉 1 条（公示/名单/招生信息等）
登记表里已有同一制度 5 条，跳过（避免信息公开与部门站重复收录）：
    教学管理文件汇编
    上海第二工业大学学生转专业实施办法（修订）
    上海第二工业大学延长学业学生管理办法
    上海第二工业大学创新创业学分管理办法
    上海第二工业大学 “大学生创新创业活动计划”项目管理办法（修订）
候选 1 条：
  [page] 上海第二工业大学教育教学激励办法（试行）
  正文内发现 1 个附件，改取附件
已保存：data/raw/教务处/2018/教务处_上海第二工业大学教育教学激励办法（试行）_2018.doc  扫描件= 页数=
本次处理 1 条，登记表累计 14 行
  第 1 页 https://jwc.sspu.edu.cn/909/list.htm -> 11 条
  第 2 页 https://jwc.sspu.edu.cn/909/list2.psp -> 0 条
按标题关键词过滤掉 11 条（公示/名单/招生信息等）
候选 0 条：
  第 1 页 https://jwc.sspu.edu.cn/910/list.htm -> 0 条
  第 2 页 https://jwc.sspu.edu.cn/910/list2.psp -> 0 条
按标题关键词过滤掉 0 条（公示/名单/招生信息等）
候选 0 条：
  第 1 页 https://jwc.sspu.edu.cn/920/list.htm -> 0 条
  第 2 页 https://jwc.sspu.edu.cn/920/list2.psp -> 0 条
按标题关键词过滤掉 0 条（公示/名单/招生信息等）
候选 0 条：
  第 1 页 https://jwc.sspu.edu.cn/921/list.htm -> 0 条
  第 2 页 https://jwc.sspu.edu.cn/921/list2.psp -> 0 条
按标题关键词过滤掉 0 条（公示/名单/招生信息等）
候选 0 条：
  第 1 页 https://jwc.sspu.edu.cn/922/list.htm -> 2 条
  第 2 页 https://jwc.sspu.edu.cn/922/list2.psp -> 0 条
按标题关键词过滤掉 2 条（公示/名单/招生信息等）
候选 0 条：
  第 1 页 https://jwc.sspu.edu.cn/923/list.htm -> 6 条
  第 2 页 https://jwc.sspu.edu.cn/923/list2.psp -> 0 条
按标题关键词过滤掉 5 条（公示/名单/招生信息等）
候选 1 条：
  [page] 上海第二工业大学教学研究与改革项目管理办法（2023年修订）
已保存正文页：data/raw/教务处/2023/教务处_上海第二工业大学教学研究与改革项目管理办法（2023年修订）_2023.htm
本次处理 1 条，登记表累计 15 行
  第 1 页 https://jwc.sspu.edu.cn/924/list.htm -> 2 条
  第 2 页 https://jwc.sspu.edu.cn/924/list2.psp -> 0 条
按标题关键词过滤掉 2 条（公示/名单/招生信息等）
候选 0 条：
  第 1 页 https://jwc.sspu.edu.cn/925/list.htm -> 4 条
  第 2 页 https://jwc.sspu.edu.cn/925/list2.psp -> 0 条
按标题关键词过滤掉 3 条（公示/名单/招生信息等）
候选 1 条：
  [page] 上海第二工业大学学业导师管理办法 （2017年修订）
  正文内发现 1 个附件，改取附件
已保存：data/raw/教务处/2019/教务处_上海第二工业大学学业导师管理办法_（2017年修订）_2019.doc  扫描件= 页数=
本次处理 1 条，登记表累计 16 行
  第 1 页 https://jwc.sspu.edu.cn/926/list.htm -> 7 条
  第 2 页 https://jwc.sspu.edu.cn/926/list2.psp -> 0 条
按标题关键词过滤掉 5 条（公示/名单/招生信息等）
候选 2 条：
  [page] 本科毕业设计（论文）学生手册（2019年修订）
  [page] 高职毕业实践与制作（论文）学生手册（2018年版）
  正文内发现 1 个附件，改取附件
已保存：data/raw/教务处/2019/教务处_本科毕业设计（论文）学生手册（2019年修订）_2019.docx  扫描件= 页数=
  正文内发现 1 个附件，改取附件
已保存：data/raw/教务处/2019/教务处_高职毕业实践与制作（论文）学生手册（2018年版）_2019.docx  扫描件= 页数=
本次处理 2 条，登记表累计 18 行
  第 1 页 https://jwc.sspu.edu.cn/927/list.htm -> 11 条
  第 2 页 https://jwc.sspu.edu.cn/927/list2.psp -> 0 条
按标题关键词过滤掉 8 条（公示/名单/招生信息等）
登记表里已有同一制度 3 条，跳过（避免信息公开与部门站重复收录）：
    上海第二工业大学实践教学及实验室管理办法（2017年修订）
    上海第二工业大学创新创业学分管理办法
    上海第二工业大学 “大学生创新创业活动计划”项目管理办法（修订）
候选 0 条：
  第 1 页 https://jwc.sspu.edu.cn/928/list.htm -> 7 条
  第 2 页 https://jwc.sspu.edu.cn/928/list2.psp -> 0 条
按标题关键词过滤掉 7 条（公示/名单/招生信息等）
候选 0 条：
  第 1 页 https://jwc.sspu.edu.cn/932/list.htm -> 15 条
  第 2 页 https://jwc.sspu.edu.cn/932/list2.htm -> 6 条
按标题关键词过滤掉 15 条（公示/名单/招生信息等）
登记表里已有同一制度 6 条，跳过（避免信息公开与部门站重复收录）：
    上海第二工业大学学生转专业实施办法（2019版）
    上海第二工业大学延长学业学生管理办法（2024年修订）
    上海第二工业大学关于特色运动队运动员学籍管理和奖励的补充规定（2024年修订）
    上海第二工业大学外国留学生学历教育学籍管理办法（试行）
    上海第二工业大学应征入伍学生学籍管理规定（修订）
候选 0 条：
  第 1 页 https://jwc.sspu.edu.cn/933/list.htm -> 8 条
  第 2 页 https://jwc.sspu.edu.cn/933/list2.psp -> 0 条
按标题关键词过滤掉 5 条（公示/名单/招生信息等）
候选 3 条：
  [page] 上海第二工业大学  关于补办学历、学位证明（书）的规定（2024年修订）
  [page] 中华人民共和国学位条例暂行实施办法
  [page] 中华人民共和国学位条例（2004年修订）
  正文内发现 1 个附件，改取附件
已保存：data/raw/教务处/2019/教务处_上海第二工业大学补办学历学位证明（书）申请表.docx_2019.docx  扫描件= 页数=
已保存正文页：data/raw/教务处/2019/教务处_中华人民共和国学位条例暂行实施办法_2019.htm
已保存正文页：data/raw/教务处/2019/教务处_中华人民共和国学位条例（2004年修订）_2019.htm
本次处理 3 条，登记表累计 21 行
  第 1 页 https://jwc.sspu.edu.cn/934/list.htm -> 9 条
  第 2 页 https://jwc.sspu.edu.cn/934/list2.psp -> 0 条
按标题关键词过滤掉 9 条（公示/名单/招生信息等）
候选 0 条：
  第 1 页 https://jwc.sspu.edu.cn/935/list.htm -> 6 条
  第 2 页 https://jwc.sspu.edu.cn/935/list2.psp -> 0 条
按标题关键词过滤掉 6 条（公示/名单/招生信息等）
候选 0 条：
  第 1 页 https://jwc.sspu.edu.cn/936/list.htm -> 4 条
  第 2 页 https://jwc.sspu.edu.cn/936/list2.psp -> 0 条
按标题关键词过滤掉 4 条（公示/名单/招生信息等）
候选 0 条：
  第 1 页 https://jwc.sspu.edu.cn/937/list.htm -> 3 条
  第 2 页 https://jwc.sspu.edu.cn/937/list2.psp -> 0 条
按标题关键词过滤掉 0 条（公示/名单/招生信息等）
候选 3 条：
  [page] 上海市西南片辅修专业学士学位管理试行办法(2012年4月)
  [page] 上海市西南片辅修专业学士学位学籍管理办法(2012年4月)
  [page] 上海市东北片普通高校合作办学学生跨校学习管理条例
  正文内发现 1 个附件，改取附件
已保存：data/raw/教务处/2019/教务处_上海市西南片辅修专业学士学位管理试行办法(2012年4月)_2019.pdf  扫描件=False 页数=4
  正文内发现 1 个附件，改取附件
已保存：data/raw/教务处/2019/教务处_上海市西南片辅修专业学士学位学籍管理办法(2012年4月)_2019.pdf  扫描件=False 页数=5
  正文内发现 1 个附件，改取附件
已保存：data/raw/教务处/2019/教务处_上海市东北片普通高校合作办学学生跨校学习管理条例_2019.pdf  扫描件=False 页数=3
本次处理 3 条，登记表累计 24 行
  第 1 页 https://jwc.sspu.edu.cn/938/list.htm -> 6 条
  第 2 页 https://jwc.sspu.edu.cn/938/list2.psp -> 0 条
按标题关键词过滤掉 6 条（公示/名单/招生信息等）
候选 0 条：
  第 1 页 https://jwc.sspu.edu.cn/940/list.htm -> 2 条
  第 2 页 https://jwc.sspu.edu.cn/940/list2.psp -> 0 条
按标题关键词过滤掉 2 条（公示/名单/招生信息等）
候选 0 条：
  第 1 页 https://jwc.sspu.edu.cn/941/list.htm -> 1 条
  第 2 页 https://jwc.sspu.edu.cn/941/list2.psp -> 0 条
按标题关键词过滤掉 0 条（公示/名单/招生信息等）
候选 1 条：
  [file] 上海第二工业大学课程考核工作管理细则
已保存：data/raw/教务处/unknown/教务处_上海第二工业大学课程考核工作管理细则_unknown.doc  扫描件= 页数=
本次处理 1 条，登记表累计 25 行
  第 1 页 https://jwc.sspu.edu.cn/942/list.htm -> 5 条
  第 2 页 https://jwc.sspu.edu.cn/942/list2.psp -> 0 条
按标题关键词过滤掉 5 条（公示/名单/招生信息等）
候选 0 条：
  第 1 页 https://jwc.sspu.edu.cn/943/list.htm -> 3 条
  第 2 页 https://jwc.sspu.edu.cn/943/list2.psp -> 0 条
按标题关键词过滤掉 2 条（公示/名单/招生信息等）
候选 1 条：
  [page] 补考课程冲突处理办法
已保存正文页：data/raw/教务处/2019/教务处_补考课程冲突处理办法_2019.htm
本次处理 1 条，登记表累计 26 行
  第 1 页 https://jwc.sspu.edu.cn/944/list.htm -> 6 条
  第 2 页 https://jwc.sspu.edu.cn/944/list2.psp -> 0 条
按标题关键词过滤掉 4 条（公示/名单/招生信息等）
登记表里已有同一制度 2 条，跳过（避免信息公开与部门站重复收录）：
    普通话水平测试管理规定
    上海市实施《中华人民共和国国家通用语言文字法》办法
候选 0 条：
  第 1 页 https://jwc.sspu.edu.cn/945/list.htm -> 15 条
  第 2 页 https://jwc.sspu.edu.cn/945/list2.htm -> 2 条
按标题关键词过滤掉 17 条（公示/名单/招生信息等）
候选 0 条：
  第 1 页 https://jwc.sspu.edu.cn/946/list.htm -> 3 条
  第 2 页 https://jwc.sspu.edu.cn/946/list2.psp -> 0 条
按标题关键词过滤掉 3 条（公示/名单/招生信息等）
候选 0 条：
  第 1 页 https://jwc.sspu.edu.cn/947/list.htm -> 13 条
  第 2 页 https://jwc.sspu.edu.cn/947/list2.psp -> 0 条
按标题关键词过滤掉 13 条（公示/名单/招生信息等）
候选 0 条：
  第 1 页 https://jwc.sspu.edu.cn/952/list.htm -> 15 条
  第 2 页 https://jwc.sspu.edu.cn/952/list2.htm -> 6 条
按标题关键词过滤掉 21 条（公示/名单/招生信息等）
候选 0 条：

########## 财务处（21 个栏目） ##########
  第 1 页 https://cwc.sspu.edu.cn/1234/list.htm -> 7 条
  第 2 页 https://cwc.sspu.edu.cn/1234/list2.psp -> 5 条
按标题关键词过滤掉 7 条（公示/名单/招生信息等）
候选 0 条：
  第 1 页 https://cwc.sspu.edu.cn/1235/list.htm -> 19 条
  第 2 页 https://cwc.sspu.edu.cn/1235/list2.htm -> 20 条
按标题关键词过滤掉 29 条（公示/名单/招生信息等）
  旧版本丢弃：党政机关国内公务接待管理规定（2013新版）
  旧版本丢弃：党政机关国内公务接待管理规定（2013新版）
候选 3 条：
  [page] 中华人民共和国政府采购法实施条例
  [page] 党政机关国内公务接待管理规定（2013新版）
  [page] 上海市市级机关外宾接待经费管理办法
已保存正文页：data/raw/财务处/2019/财务处_中华人民共和国政府采购法实施条例_2019.htm
已保存正文页：data/raw/财务处/2019/财务处_党政机关国内公务接待管理规定（2013新版）_2019.htm
已保存正文页：data/raw/财务处/2016/财务处_上海市市级机关外宾接待经费管理办法_2016.htm
本次处理 3 条，登记表累计 29 行
  第 1 页 https://cwc.sspu.edu.cn/1236/list.htm -> 19 条
  第 2 页 https://cwc.sspu.edu.cn/1236/list2.htm -> 7 条
按标题关键词过滤掉 15 条（公示/名单/招生信息等）
候选 4 条：
  [page] 上海市中长期教育改革和发展规划纲要（2010-2020年）财政专项资金管理办法
  [page] 人才引进和师资队伍建设专项经费管理办法
  [page] “十二五”上海市高等教育内涵建设市级教育专项资金使用管理办法
  [page] 上海第二工业大学捐赠管理办法
已保存正文页：data/raw/财务处/2013/财务处_上海市中长期教育改革和发展规划纲要（2010-2020年）财政专项资金管理办法_2013.htm
已保存正文页：data/raw/财务处/2013/财务处_人才引进和师资队伍建设专项经费管理办法_2013.htm
已保存正文页：data/raw/财务处/2013/财务处_“十二五”上海市高等教育内涵建设市级教育专项资金使用管理办法_2013.htm
已保存正文页：data/raw/财务处/2013/财务处_上海第二工业大学捐赠管理办法_2013.htm
本次处理 4 条，登记表累计 33 行
  第 1 页 https://cwc.sspu.edu.cn/1237/list.htm -> 20 条
  第 2 页 https://cwc.sspu.edu.cn/1237/list2.htm -> 20 条
按标题关键词过滤掉 35 条（公示/名单/招生信息等）
候选 0 条：
  第 1 页 https://cwc.sspu.edu.cn/1238/list.htm -> 20 条
  第 2 页 https://cwc.sspu.edu.cn/1238/list2.htm -> 20 条
按标题关键词过滤掉 35 条（公示/名单/招生信息等）
候选 0 条：
  第 1 页 https://cwc.sspu.edu.cn/1239/list.htm -> 19 条
  第 2 页 https://cwc.sspu.edu.cn/1239/list2.psp -> 5 条
按标题关键词过滤掉 19 条（公示/名单/招生信息等）
候选 0 条：
  第 1 页 https://cwc.sspu.edu.cn/1240/list.htm -> 5 条
  第 2 页 https://cwc.sspu.edu.cn/1240/list2.psp -> 5 条
按标题关键词过滤掉 5 条（公示/名单/招生信息等）
候选 0 条：
  第 1 页 https://cwc.sspu.edu.cn/1242/list.htm -> 6 条
  第 2 页 https://cwc.sspu.edu.cn/1242/list2.psp -> 5 条
按标题关键词过滤掉 6 条（公示/名单/招生信息等）
候选 0 条：
  第 1 页 https://cwc.sspu.edu.cn/1243/list.htm -> 6 条
  第 2 页 https://cwc.sspu.edu.cn/1243/list2.psp -> 5 条
按标题关键词过滤掉 6 条（公示/名单/招生信息等）
候选 0 条：
  第 1 页 https://cwc.sspu.edu.cn/1244/list.htm -> 20 条
  第 2 页 https://cwc.sspu.edu.cn/1244/list2.htm -> 20 条
按标题关键词过滤掉 29 条（公示/名单/招生信息等）
  旧版本丢弃：党政机关国内公务接待管理规定（2013新版）
  旧版本丢弃：党政机关国内公务接待管理规定（2013新版）
登记表里已有同一制度 3 条，跳过（避免信息公开与部门站重复收录）：
    中华人民共和国政府采购法实施条例
    党政机关国内公务接待管理规定（2013新版）
    上海市市级机关外宾接待经费管理办法
候选 1 条：
  [page] 高等学校会计制度（最新）
已保存正文页：data/raw/财务处/2014/财务处_高等学校会计制度（最新）_2014.htm
本次处理 1 条，登记表累计 34 行
  第 1 页 https://cwc.sspu.edu.cn/1245/list.htm -> 5 条
  第 2 页 https://cwc.sspu.edu.cn/1245/list2.psp -> 5 条
按标题关键词过滤掉 5 条（公示/名单/招生信息等）
候选 0 条：
  第 1 页 https://cwc.sspu.edu.cn/1246/list.htm -> 8 条
  第 2 页 https://cwc.sspu.edu.cn/1246/list2.psp -> 5 条
按标题关键词过滤掉 8 条（公示/名单/招生信息等）
候选 0 条：
  第 1 页 https://cwc.sspu.edu.cn/1247/list.htm -> 5 条
  第 2 页 https://cwc.sspu.edu.cn/1247/list2.psp -> 5 条
按标题关键词过滤掉 5 条（公示/名单/招生信息等）
候选 0 条：
  第 1 页 https://cwc.sspu.edu.cn/1248/list.htm -> 6 条
  第 2 页 https://cwc.sspu.edu.cn/1248/list2.psp -> 5 条
按标题关键词过滤掉 6 条（公示/名单/招生信息等）
候选 0 条：
  第 1 页 https://cwc.sspu.edu.cn/1249/list.htm -> 5 条
  第 2 页 https://cwc.sspu.edu.cn/1249/list2.psp -> 5 条
按标题关键词过滤掉 5 条（公示/名单/招生信息等）
候选 0 条：
  第 1 页 https://cwc.sspu.edu.cn/1250/list.htm -> 14 条
  第 2 页 https://cwc.sspu.edu.cn/1250/list2.psp -> 5 条
按标题关键词过滤掉 11 条（公示/名单/招生信息等）
登记表里已有同一制度 3 条，跳过（避免信息公开与部门站重复收录）：
    上海市中长期教育改革和发展规划纲要（2010-2020年）财政专项资金管理办法
    人才引进和师资队伍建设专项经费管理办法
    “十二五”上海市高等教育内涵建设市级教育专项资金使用管理办法
候选 0 条：
  第 1 页 https://cwc.sspu.edu.cn/1251/list.htm -> 6 条
  第 2 页 https://cwc.sspu.edu.cn/1251/list2.psp -> 5 条
按标题关键词过滤掉 5 条（公示/名单/招生信息等）
登记表里已有同一制度 1 条，跳过（避免信息公开与部门站重复收录）：
    上海第二工业大学捐赠管理办法
候选 0 条：
  第 1 页 https://cwc.sspu.edu.cn/1252/list.htm -> 11 条
  第 2 页 https://cwc.sspu.edu.cn/1252/list2.psp -> 5 条
按标题关键词过滤掉 11 条（公示/名单/招生信息等）
候选 0 条：
  第 1 页 https://cwc.sspu.edu.cn/1253/list.htm -> 13 条
  第 2 页 https://cwc.sspu.edu.cn/1253/list2.psp -> 5 条
按标题关键词过滤掉 13 条（公示/名单/招生信息等）
候选 0 条：
  第 1 页 https://cwc.sspu.edu.cn/1254/list.htm -> 5 条
  第 2 页 https://cwc.sspu.edu.cn/1254/list2.psp -> 5 条
按标题关键词过滤掉 5 条（公示/名单/招生信息等）
候选 0 条：
  第 1 页 https://cwc.sspu.edu.cn/1255/list.htm -> 5 条
  第 2 页 https://cwc.sspu.edu.cn/1255/list2.psp -> 5 条
按标题关键词过滤掉 5 条（公示/名单/招生信息等）
候选 0 条：

########## 保卫处（15 个栏目） ##########
  第 1 页 https://bwwz.sspu.edu.cn/1017/list.htm -> 2 条
  第 2 页 https://bwwz.sspu.edu.cn/1017/list2.psp -> 0 条
按标题关键词过滤掉 2 条（公示/名单/招生信息等）
候选 0 条：
  第 1 页 https://bwwz.sspu.edu.cn/1018/list.htm -> 19 条
  第 2 页 https://bwwz.sspu.edu.cn/1018/list2.psp -> 0 条
按标题关键词过滤掉 1 条（公示/名单/招生信息等）
  旧版本丢弃：上海第二工业大学总值班制度 （试行）
候选 17 条：
  [page] 上海第二工业大学总值班制度（2026年修订）
  [page] 上海第二工业大学宿舍区消防安全管理规定
  [page] 上海第二工业大学电动自行车管理办法（修订）
  [file] 上海第二工业大学机动车停车管理办法
  [page] 上海第二工业大学校园秩序管理规定 （试行）
  [page] 上海第二工业大学保卫值班制度
  [page] 上海第二工业大学校门出入管理规定
  [page] 上海第二工业大学校园道路交通安全管理规定
  [page] 消防器材检查制度
  [page] 上海第二工业大学关于在校园内临时设摊管理的规定
  [page] 上海第二工业大学防火安全制度
  [page] 保卫处公章保管、使用规定
  [page] 校园公共文化娱乐场所、营业网点及集会管理制度
  [page] 校园安全防范管理规定
  [page] 上海第二工业大学校园治安管理规定
  [page] 上海第二工业大学关于加强重点要害部位管理的规定
  [page] 上海第二工业大学关于大型活动管理的规定
已保存正文页：data/raw/保卫处/2026/保卫处_上海第二工业大学总值班制度（2026年修订）_2026.htm
已保存正文页：data/raw/保卫处/2026/保卫处_上海第二工业大学宿舍区消防安全管理规定_2026.htm
已保存正文页：data/raw/保卫处/2025/保卫处_上海第二工业大学电动自行车管理办法（修订）_2025.htm
已保存：data/raw/保卫处/unknown/保卫处_上海第二工业大学机动车停车管理办法_unknown.docx  扫描件= 页数=
已保存正文页：data/raw/保卫处/2023/保卫处_上海第二工业大学校园秩序管理规定_（试行）_2023.htm
已保存正文页：data/raw/保卫处/2023/保卫处_上海第二工业大学保卫值班制度_2023.htm
已保存正文页：data/raw/保卫处/2023/保卫处_上海第二工业大学校门出入管理规定_2023.htm
已保存正文页：data/raw/保卫处/2019/保卫处_上海第二工业大学校园道路交通安全管理规定_2019.htm
已保存正文页：data/raw/保卫处/2018/保卫处_消防器材检查制度_2018.htm
已保存正文页：data/raw/保卫处/2011/保卫处_上海第二工业大学关于在校园内临时设摊管理的规定_2011.htm
已保存正文页：data/raw/保卫处/2011/保卫处_上海第二工业大学防火安全制度_2011.htm
已保存正文页：data/raw/保卫处/2011/保卫处_保卫处公章保管、使用规定_2011.htm
已保存正文页：data/raw/保卫处/2011/保卫处_校园公共文化娱乐场所、营业网点及集会管理制度_2011.htm
已保存正文页：data/raw/保卫处/2011/保卫处_校园安全防范管理规定_2011.htm
已保存正文页：data/raw/保卫处/2011/保卫处_上海第二工业大学校园治安管理规定_2011.htm
已保存正文页：data/raw/保卫处/2011/保卫处_上海第二工业大学关于加强重点要害部位管理的规定_2011.htm
已保存正文页：data/raw/保卫处/2011/保卫处_上海第二工业大学关于大型活动管理的规定_2011.htm
本次处理 17 条，登记表累计 51 行
  第 1 页 https://bwwz.sspu.edu.cn/1019/list.htm -> 20 条
  第 2 页 https://bwwz.sspu.edu.cn/1019/list2.htm -> 20 条
按标题关键词过滤掉 40 条（公示/名单/招生信息等）
候选 0 条：
  第 1 页 https://bwwz.sspu.edu.cn/1020/list.htm -> 6 条
  第 2 页 https://bwwz.sspu.edu.cn/1020/list2.psp -> 0 条
按标题关键词过滤掉 6 条（公示/名单/招生信息等）
候选 0 条：
  第 1 页 https://bwwz.sspu.edu.cn/1021/list.htm -> 9 条
  第 2 页 https://bwwz.sspu.edu.cn/1021/list2.psp -> 0 条
按标题关键词过滤掉 6 条（公示/名单/招生信息等）
登记表里已有同一制度 3 条，跳过（避免信息公开与部门站重复收录）：
    上海第二工业大学电动自行车管理办法（修订）
    上海第二工业大学机动车停车管理办法 （2023年修订）
    上海第二工业大学总值班制度
候选 0 条：
  第 1 页 https://bwwz.sspu.edu.cn/1022/list.htm -> 11 条
  第 2 页 https://bwwz.sspu.edu.cn/1022/list2.psp -> 0 条
按标题关键词过滤掉 11 条（公示/名单/招生信息等）
候选 0 条：
  第 1 页 https://bwwz.sspu.edu.cn/1023/list.htm -> 20 条
  第 2 页 https://bwwz.sspu.edu.cn/1023/list2.htm -> 20 条
按标题关键词过滤掉 40 条（公示/名单/招生信息等）
候选 0 条：
  第 1 页 https://bwwz.sspu.edu.cn/1024/list.htm -> 20 条
  第 2 页 https://bwwz.sspu.edu.cn/1024/list2.htm -> 20 条
按标题关键词过滤掉 39 条（公示/名单/招生信息等）
登记表里已有同一制度 1 条，跳过（避免信息公开与部门站重复收录）：
    上海第二工业大学总值班制度 （试行）
候选 0 条：
  第 1 页 https://bwwz.sspu.edu.cn/1025/list.htm -> 12 条
  第 2 页 https://bwwz.sspu.edu.cn/1025/list2.psp -> 0 条
按标题关键词过滤掉 11 条（公示/名单/招生信息等）
登记表里已有同一制度 1 条，跳过（避免信息公开与部门站重复收录）：
    上海第二工业大学总值班制度
候选 0 条：
  第 1 页 https://bwwz.sspu.edu.cn/_s3/1019/list.psp -> 20 条
  第 2 页 https://bwwz.sspu.edu.cn/_s3/1019/list2.psp -> 20 条
按标题关键词过滤掉 40 条（公示/名单/招生信息等）
候选 0 条：
  第 1 页 https://bwwz.sspu.edu.cn/_s3/1021/list.psp -> 9 条
  第 2 页 https://bwwz.sspu.edu.cn/_s3/1021/list2.psp -> 0 条
按标题关键词过滤掉 6 条（公示/名单/招生信息等）
登记表里已有同一制度 3 条，跳过（避免信息公开与部门站重复收录）：
    上海第二工业大学电动自行车管理办法（修订）
    上海第二工业大学机动车停车管理办法 （2023年修订）
    上海第二工业大学总值班制度
候选 0 条：
  第 1 页 https://bwwz.sspu.edu.cn/_s3/1023/list.psp -> 20 条
  第 2 页 https://bwwz.sspu.edu.cn/_s3/1023/list2.psp -> 20 条
按标题关键词过滤掉 40 条（公示/名单/招生信息等）
候选 0 条：
  第 1 页 https://bwwz.sspu.edu.cn/_s3/1025/list.psp -> 12 条
  第 2 页 https://bwwz.sspu.edu.cn/_s3/1025/list2.psp -> 0 条
按标题关键词过滤掉 11 条（公示/名单/招生信息等）
登记表里已有同一制度 1 条，跳过（避免信息公开与部门站重复收录）：
    上海第二工业大学总值班制度
候选 0 条：
  第 1 页 https://bwwz.sspu.edu.cn/_s3/1026/list.psp -> 6 条
  第 2 页 https://bwwz.sspu.edu.cn/_s3/1026/list2.psp -> 0 条
按标题关键词过滤掉 6 条（公示/名单/招生信息等）
候选 0 条：
  第 1 页 https://bwwz.sspu.edu.cn/_s3/1027/list.psp -> 9 条
  第 2 页 https://bwwz.sspu.edu.cn/_s3/1027/list2.psp -> 0 条
按标题关键词过滤掉 9 条（公示/名单/招生信息等）
候选 0 条：

########## 研究生处（41 个栏目） ##########
  第 1 页 https://yjs.sspu.edu.cn/2861/list.htm -> 3 条
  第 2 页 https://yjs.sspu.edu.cn/2861/list2.psp -> 3 条
按标题关键词过滤掉 4 条（公示/名单/招生信息等）
候选 0 条：
  第 1 页 https://yjs.sspu.edu.cn/2862/list.htm -> 26 条
  第 2 页 https://yjs.sspu.edu.cn/2862/list2.htm -> 21 条
按标题关键词过滤掉 38 条（公示/名单/招生信息等）
候选 0 条：
  第 1 页 https://yjs.sspu.edu.cn/2863/list.htm -> 16 条
  第 2 页 https://yjs.sspu.edu.cn/2863/list2.psp -> 16 条
按标题关键词过滤掉 17 条（公示/名单/招生信息等）
候选 0 条：
  第 1 页 https://yjs.sspu.edu.cn/2864/list.htm -> 6 条
  第 2 页 https://yjs.sspu.edu.cn/2864/list2.htm -> 6 条
按标题关键词过滤掉 11 条（公示/名单/招生信息等）
候选 0 条：
  第 1 页 https://yjs.sspu.edu.cn/2865/list.htm -> 9 条
  第 2 页 https://yjs.sspu.edu.cn/2865/list2.psp -> 9 条
按标题关键词过滤掉 7 条（公示/名单/招生信息等）
候选 3 条：
  [page] 2024-03-01上海第二工业大学非全日制硕士研究生管理办法（试行）
  [page] 2022-02-01上海第二工业大学硕士研究生学籍管理实施细则
  [page] 2022-01-01上海第二工业大学硕士研究生学籍管理办法（2017年修订）
已保存正文页：data/raw/研究生处/2024/研究生处_2024-03-01上海第二工业大学非全日制硕士研究生管理办法（试行）_2024.htm
已保存正文页：data/raw/研究生处/2024/研究生处_2022-02-01上海第二工业大学硕士研究生学籍管理实施细则_2024.htm
已保存正文页：data/raw/研究生处/2024/研究生处_2022-01-01上海第二工业大学硕士研究生学籍管理办法（2017年修订）_2024.htm
本次处理 3 条，登记表累计 54 行
  第 1 页 https://yjs.sspu.edu.cn/2866/list.htm -> 10 条
  第 2 页 https://yjs.sspu.edu.cn/2866/list2.htm -> 8 条
按标题关键词过滤掉 15 条（公示/名单/招生信息等）
候选 0 条：
  第 1 页 https://yjs.sspu.edu.cn/2867/list.htm -> 9 条
  第 2 页 https://yjs.sspu.edu.cn/2867/list2.psp -> 9 条
按标题关键词过滤掉 9 条（公示/名单/招生信息等）
候选 1 条：
  [page] 2013-06-05上海市研究生学术论坛项目实施管理暂行办法
已保存正文页：data/raw/研究生处/2013/研究生处_2013-06-05上海市研究生学术论坛项目实施管理暂行办法_2013.htm
本次处理 1 条，登记表累计 55 行
  第 1 页 https://yjs.sspu.edu.cn/2868/list.htm -> 16 条
  第 2 页 https://yjs.sspu.edu.cn/2868/list2.psp -> 1 条
按标题关键词过滤掉 17 条（公示/名单/招生信息等）
候选 0 条：
  第 1 页 https://yjs.sspu.edu.cn/2869/list.htm -> 2 条
  第 2 页 https://yjs.sspu.edu.cn/2869/list2.psp -> 1 条
按标题关键词过滤掉 3 条（公示/名单/招生信息等）
候选 0 条：
  第 1 页 https://yjs.sspu.edu.cn/2870/list.htm -> 2 条
  第 2 页 https://yjs.sspu.edu.cn/2870/list2.psp -> 1 条
按标题关键词过滤掉 3 条（公示/名单/招生信息等）
候选 0 条：
  第 1 页 https://yjs.sspu.edu.cn/2878/list.htm -> 16 条
  第 2 页 https://yjs.sspu.edu.cn/2878/list2.htm -> 16 条
按标题关键词过滤掉 31 条（公示/名单/招生信息等）
候选 0 条：
  第 1 页 https://yjs.sspu.edu.cn/2879/list.htm -> 7 条
  第 2 页 https://yjs.sspu.edu.cn/2879/list2.psp -> 1 条
按标题关键词过滤掉 8 条（公示/名单/招生信息等）
候选 0 条：
  第 1 页 https://yjs.sspu.edu.cn/2880/list.htm -> 11 条
  第 2 页 https://yjs.sspu.edu.cn/2880/list2.psp -> 1 条
按标题关键词过滤掉 12 条（公示/名单/招生信息等）
候选 0 条：
  第 1 页 https://yjs.sspu.edu.cn/2881/list.htm -> 16 条
  第 2 页 https://yjs.sspu.edu.cn/2881/list2.htm -> 16 条
按标题关键词过滤掉 31 条（公示/名单/招生信息等）
候选 0 条：
  第 1 页 https://yjs.sspu.edu.cn/2882/list.htm -> 1 条
  第 2 页 https://yjs.sspu.edu.cn/2882/list2.psp -> 1 条
按标题关键词过滤掉 2 条（公示/名单/招生信息等）
候选 0 条：
  第 1 页 https://yjs.sspu.edu.cn/2883/list.htm -> 6 条
  第 2 页 https://yjs.sspu.edu.cn/2883/list2.psp -> 1 条
按标题关键词过滤掉 7 条（公示/名单/招生信息等）
候选 0 条：
  第 1 页 https://yjs.sspu.edu.cn/2884/list.htm -> 4 条
  第 2 页 https://yjs.sspu.edu.cn/2884/list2.psp -> 1 条
按标题关键词过滤掉 2 条（公示/名单/招生信息等）
登记表里已有同一制度 3 条，跳过（避免信息公开与部门站重复收录）：
    2024-03-01上海第二工业大学非全日制硕士研究生管理办法（试行）
    2022-02-01上海第二工业大学硕士研究生学籍管理实施细则
    2022-01-01上海第二工业大学硕士研究生学籍管理办法（2017年修订）
候选 0 条：
  第 1 页 https://yjs.sspu.edu.cn/2885/list.htm -> 16 条
  第 2 页 https://yjs.sspu.edu.cn/2885/list2.htm -> 16 条
按标题关键词过滤掉 31 条（公示/名单/招生信息等）
候选 0 条：
  第 1 页 https://yjs.sspu.edu.cn/2887/list.htm -> 4 条
  第 2 页 https://yjs.sspu.edu.cn/2887/list2.psp -> 1 条
按标题关键词过滤掉 4 条（公示/名单/招生信息等）
登记表里已有同一制度 1 条，跳过（避免信息公开与部门站重复收录）：
    2013-06-05上海市研究生学术论坛项目实施管理暂行办法
候选 0 条：
  第 1 页 https://yjs.sspu.edu.cn/2888/list.htm -> 7 条
  第 2 页 https://yjs.sspu.edu.cn/2888/list2.psp -> 1 条
按标题关键词过滤掉 8 条（公示/名单/招生信息等）
候选 0 条：
  第 1 页 https://yjs.sspu.edu.cn/2889/list.htm -> 16 条
  第 2 页 https://yjs.sspu.edu.cn/2889/list2.psp -> 1 条
按标题关键词过滤掉 17 条（公示/名单/招生信息等）
候选 0 条：
  第 1 页 https://yjs.sspu.edu.cn/2890/list.htm -> 2 条
  第 2 页 https://yjs.sspu.edu.cn/2890/list2.psp -> 1 条
按标题关键词过滤掉 3 条（公示/名单/招生信息等）
候选 0 条：
incorrect startxref pointer(3)
parsing for Object Streams
  第 1 页 https://yjs.sspu.edu.cn/2891/list.htm -> 12 条
  第 2 页 https://yjs.sspu.edu.cn/2891/list2.psp -> 1 条
按标题关键词过滤掉 11 条（公示/名单/招生信息等）
候选 2 条：
  [file] 2021-12-30上海第二工业大学研究生学位论文保密管理规定（试行）
  [file] 2018-10-28上海第二工业大学硕士学位授予办法
已保存：data/raw/研究生处/unknown/研究生处_2021-12-30上海第二工业大学研究生学位论文保密管理规定（试行）_unknown.pdf  扫描件=False 页数=4
已保存：data/raw/研究生处/unknown/研究生处_2018-10-28上海第二工业大学硕士学位授予办法_unknown.doc  扫描件= 页数=
本次处理 2 条，登记表累计 57 行
  第 1 页 https://yjs.sspu.edu.cn/2892/list.htm -> 8 条
  第 2 页 https://yjs.sspu.edu.cn/2892/list2.psp -> 1 条
按标题关键词过滤掉 9 条（公示/名单/招生信息等）
候选 0 条：
  第 1 页 https://yjs.sspu.edu.cn/2893/list.htm -> 1 条
  第 2 页 https://yjs.sspu.edu.cn/2893/list2.psp -> 1 条
按标题关键词过滤掉 2 条（公示/名单/招生信息等）
候选 0 条：
  第 1 页 https://yjs.sspu.edu.cn/2894/list.htm -> 9 条
  第 2 页 https://yjs.sspu.edu.cn/2894/list2.psp -> 1 条
按标题关键词过滤掉 10 条（公示/名单/招生信息等）
候选 0 条：
  第 1 页 https://yjs.sspu.edu.cn/2897/list.htm -> 16 条
  第 2 页 https://yjs.sspu.edu.cn/2897/list2.htm -> 16 条
按标题关键词过滤掉 30 条（公示/名单/招生信息等）
候选 1 条：
  [page] 2024-05-13一起学《中国共产党纪律处分条例》
已保存正文页：data/raw/研究生处/2024/研究生处_2024-05-13一起学《中国共产党纪律处分条例》_2024.htm
本次处理 1 条，登记表累计 58 行
  第 1 页 https://yjs.sspu.edu.cn/5919/list.htm -> 16 条
  第 2 页 https://yjs.sspu.edu.cn/5919/list2.htm -> 9 条
按标题关键词过滤掉 24 条（公示/名单/招生信息等）
候选 0 条：
  第 1 页 https://yjs.sspu.edu.cn/5920/list.htm -> 16 条
  第 2 页 https://yjs.sspu.edu.cn/5920/list2.htm -> 6 条
按标题关键词过滤掉 21 条（公示/名单/招生信息等）
候选 0 条：
  第 1 页 https://yjs.sspu.edu.cn/5921/list.htm -> 16 条
  第 2 页 https://yjs.sspu.edu.cn/5921/list2.htm -> 16 条
按标题关键词过滤掉 27 条（公示/名单/招生信息等）
候选 4 条：
  [page] 2026-03-31上海第二工业大学2026年硕士研究生招生调剂工作办法
  [page] 2026-03-24上海第二工业大学2026年硕士研究生招生复试录取工作办法
  [page] 2025-03-31上海第二工业大学2025年硕士研究生招生调剂工作办法
  [page] 2025-03-20上海第二工业大学2025年硕士研究生招生复试录取工作办法
已保存正文页：data/raw/研究生处/2026/研究生处_2026-03-31上海第二工业大学2026年硕士研究生招生调剂工作办法_2026.htm
  正文内发现 4 个附件，改取附件
已保存：data/raw/研究生处/2026/研究生处_附件1_研究生复试审核材料模板.docx_2026.docx  扫描件= 页数=
  正文内发现 1 个附件，改取附件
已保存：data/raw/研究生处/2025/研究生处_上海第二工业大学2025年硕士研究生招生调剂专业及各专业要求.pdf_2025.pdf  扫描件=False 页数=5
  正文内发现 4 个附件，改取附件
已保存：data/raw/研究生处/2025/研究生处_附件1_研究生复试审核材料模板.docx_2025.docx  扫描件= 页数=
本次处理 4 条，登记表累计 62 行
  第 1 页 https://yjs.sspu.edu.cn/5922/list.htm -> 16 条
  第 2 页 https://yjs.sspu.edu.cn/5922/list2.htm -> 16 条
按标题关键词过滤掉 31 条（公示/名单/招生信息等）
候选 0 条：
  第 1 页 https://yjs.sspu.edu.cn/5923/list.htm -> 16 条
  第 2 页 https://yjs.sspu.edu.cn/5923/list2.psp -> 1 条
按标题关键词过滤掉 16 条（公示/名单/招生信息等）
候选 1 条：
  [page] 2023-10-30国家教育考试违规处理办法
已保存正文页：data/raw/研究生处/2025/研究生处_2023-10-30国家教育考试违规处理办法_2025.htm
本次处理 1 条，登记表累计 63 行
  第 1 页 https://yjs.sspu.edu.cn/5924/list.htm -> 1 条
  第 2 页 https://yjs.sspu.edu.cn/5924/list2.htm -> 10 条
按标题关键词过滤掉 10 条（公示/名单/招生信息等）
候选 0 条：
  第 1 页 https://yjs.sspu.edu.cn/5925/list.htm -> 4 条
  第 2 页 https://yjs.sspu.edu.cn/5925/list2.htm -> 7 条
按标题关键词过滤掉 10 条（公示/名单/招生信息等）
候选 0 条：
  第 1 页 https://yjs.sspu.edu.cn/5926/list.htm -> 15 条
  第 2 页 https://yjs.sspu.edu.cn/5926/list2.psp -> 1 条
按标题关键词过滤掉 16 条（公示/名单/招生信息等）
候选 0 条：
  第 1 页 https://yjs.sspu.edu.cn/_s59/5919/list.psp -> 16 条
  第 2 页 https://yjs.sspu.edu.cn/_s59/5919/list2.psp -> 9 条
按标题关键词过滤掉 24 条（公示/名单/招生信息等）
候选 0 条：
  第 1 页 https://yjs.sspu.edu.cn/_s59/5920/list.psp -> 16 条
  第 2 页 https://yjs.sspu.edu.cn/_s59/5920/list2.psp -> 6 条
按标题关键词过滤掉 21 条（公示/名单/招生信息等）
候选 0 条：
  第 1 页 https://yjs.sspu.edu.cn/_s59/5921/list.psp -> 16 条
  第 2 页 https://yjs.sspu.edu.cn/_s59/5921/list2.psp -> 16 条
按标题关键词过滤掉 27 条（公示/名单/招生信息等）
登记表里已有同一制度 1 条，跳过（避免信息公开与部门站重复收录）：
    2026-03-31上海第二工业大学2026年硕士研究生招生调剂工作办法
候选 3 条：
  [page] 2026-03-24上海第二工业大学2026年硕士研究生招生复试录取工作办法
  [page] 2025-03-31上海第二工业大学2025年硕士研究生招生调剂工作办法
  [page] 2025-03-20上海第二工业大学2025年硕士研究生招生复试录取工作办法
  正文内发现 4 个附件，改取附件
已保存：data/raw/研究生处/2026/研究生处_附件1_研究生复试审核材料模板.docx_2026.docx  扫描件= 页数=
  正文内发现 1 个附件，改取附件
已保存：data/raw/研究生处/2025/研究生处_上海第二工业大学2025年硕士研究生招生调剂专业及各专业要求.pdf_2025.pdf  扫描件=False 页数=5
  正文内发现 4 个附件，改取附件
已保存：data/raw/研究生处/2025/研究生处_附件1_研究生复试审核材料模板.docx_2025.docx  扫描件= 页数=
本次处理 3 条，登记表累计 63 行
  第 1 页 https://yjs.sspu.edu.cn/_s59/5922/list.psp -> 16 条
  第 2 页 https://yjs.sspu.edu.cn/_s59/5922/list2.psp -> 16 条
按标题关键词过滤掉 31 条（公示/名单/招生信息等）
候选 0 条：
  第 1 页 https://yjs.sspu.edu.cn/_s59/5923/list.psp -> 16 条
  第 2 页 https://yjs.sspu.edu.cn/_s59/5923/list2.psp -> 1 条
按标题关键词过滤掉 15 条（公示/名单/招生信息等）
登记表里已有同一制度 1 条，跳过（避免信息公开与部门站重复收录）：
    2023-10-30国家教育考试违规处理办法
候选 0 条：
  第 1 页 https://yjs.sspu.edu.cn/zxtz/list.htm -> 4 条
  第 2 页 https://yjs.sspu.edu.cn/zxtz/list2.psp -> 1 条
按标题关键词过滤掉 5 条（公示/名单/招生信息等）
候选 0 条：

########## 学生处（33 个栏目） ##########
  第 1 页 https://xsc.sspu.edu.cn/489/list.htm -> 12 条
  第 2 页 https://xsc.sspu.edu.cn/489/list2.htm -> 14 条
按标题关键词过滤掉 26 条（公示/名单/招生信息等）
候选 0 条：
  第 1 页 https://xsc.sspu.edu.cn/490/list.htm -> 12 条
  第 2 页 https://xsc.sspu.edu.cn/490/list2.htm -> 14 条
按标题关键词过滤掉 26 条（公示/名单/招生信息等）
候选 0 条：
  第 1 页 https://xsc.sspu.edu.cn/6117/list.htm -> 12 条
  第 2 页 https://xsc.sspu.edu.cn/6117/list2.htm -> 14 条
按标题关键词过滤掉 26 条（公示/名单/招生信息等）
候选 0 条：
  第 1 页 https://xsc.sspu.edu.cn/6118/list.htm -> 14 条
  第 2 页 https://xsc.sspu.edu.cn/6118/list2.htm -> 14 条
按标题关键词过滤掉 28 条（公示/名单/招生信息等）
候选 0 条：
  第 1 页 https://xsc.sspu.edu.cn/6120/list.htm -> 0 条
  第 2 页 https://xsc.sspu.edu.cn/6120/list2.htm -> 0 条
按标题关键词过滤掉 0 条（公示/名单/招生信息等）
候选 0 条：
  第 1 页 https://xsc.sspu.edu.cn/6121/list.htm -> 14 条
  第 2 页 https://xsc.sspu.edu.cn/6121/list2.htm -> 7 条
按标题关键词过滤掉 2 条（公示/名单/招生信息等）
候选 19 条：
  [page] 上海第二工业大学本专科生国家奖学金实施办法 （2023年修订）
  [page] 上海第二工业大学本专科生国家励志奖学金实施办法 （2023年修订）
  [page] 上海第二工业大学本专科生国家助学金实施办法 （2023年修订）
  [page] 上海第二工业大学本专科生上海市奖学金实施办法 （2023年修订）
  [page] 上海第二工业大学本专科学生家庭经济困难认定办法（2020年8月修订）
  [page] 上海第二工业大学本专科学生勤工助学管理办法 （2020年8月修订）
  [page] 上海第二工业大学本专科学生综合测评办法
  [page] 上海第二工业大学本专科优秀毕业生评选办法
  [page] 上海第二工业大学 硕士研究生国家奖学金评审实施办法 (2023年修订)
  [page] 上海第二工业大学学生生活园区管理办法
  [page] 上海第二工业大学学生违纪处分办法  （2023年修订）
  [page] 上海第二工业大学 研究生国家助学金管理实施办法 （2021 年修订）
  [page] 上海第二工业大学 研究生临时困难补助管理办法（2021 年修订）
  [page] 上海第二工业大学研究生学业奖学金评定管理办法 (2023年修订)
  [page] 上海第二工业大学本专科学生奖学金评定办法
  [page] 上海第二工业大学学生申诉管理办法
  [page] 上海第二工业大学全日制本专科学生学籍管理办法
  [page] 上海第二工业大学本专科学生学费减免和临时困难补助实施办法
  [page] 上海第二工业大学学生考试违规认定与处理办法
已保存正文页：data/raw/学生处/2023/学生处_上海第二工业大学本专科生国家奖学金实施办法_（2023年修订）_2023.htm
已保存正文页：data/raw/学生处/2023/学生处_上海第二工业大学本专科生国家励志奖学金实施办法_（2023年修订）_2023.htm
已保存正文页：data/raw/学生处/2023/学生处_上海第二工业大学本专科生国家助学金实施办法_（2023年修订）_2023.htm
已保存正文页：data/raw/学生处/2023/学生处_上海第二工业大学本专科生上海市奖学金实施办法_（2023年修订）_2023.htm
已保存正文页：data/raw/学生处/2023/学生处_上海第二工业大学本专科学生家庭经济困难认定办法（2020年8月修订）_2023.htm
已保存正文页：data/raw/学生处/2023/学生处_上海第二工业大学本专科学生勤工助学管理办法_（2020年8月修订）_2023.htm
已保存正文页：data/raw/学生处/2023/学生处_上海第二工业大学本专科学生综合测评办法_2023.htm
已保存正文页：data/raw/学生处/2023/学生处_上海第二工业大学本专科优秀毕业生评选办法_2023.htm
已保存正文页：data/raw/学生处/2023/学生处_上海第二工业大学_硕士研究生国家奖学金评审实施办法_(2023年修订)_2023.htm
已保存正文页：data/raw/学生处/2023/学生处_上海第二工业大学学生生活园区管理办法_2023.htm
已保存正文页：data/raw/学生处/2023/学生处_上海第二工业大学学生违纪处分办法_（2023年修订）_2023.htm
已保存正文页：data/raw/学生处/2023/学生处_上海第二工业大学_研究生国家助学金管理实施办法_（2021_年修订）_2023.htm
已保存正文页：data/raw/学生处/2023/学生处_上海第二工业大学_研究生临时困难补助管理办法（2021_年修订）_2023.htm
已保存正文页：data/raw/学生处/2023/学生处_上海第二工业大学研究生学业奖学金评定管理办法_(2023年修订)_2023.htm
已保存正文页：data/raw/学生处/2019/学生处_上海第二工业大学本专科学生奖学金评定办法_2019.htm
已保存正文页：data/raw/学生处/2019/学生处_上海第二工业大学学生申诉管理办法_2019.htm
已保存正文页：data/raw/学生处/2019/学生处_上海第二工业大学全日制本专科学生学籍管理办法_2019.htm
已保存正文页：data/raw/学生处/2019/学生处_上海第二工业大学本专科学生学费减免和临时困难补助实施办法_2019.htm
已保存正文页：data/raw/学生处/2019/学生处_上海第二工业大学学生考试违规认定与处理办法_2019.htm
本次处理 19 条，登记表累计 82 行
  第 1 页 https://xsc.sspu.edu.cn/6126/list.htm -> 0 条
  第 2 页 https://xsc.sspu.edu.cn/6126/list2.htm -> 2 条
按标题关键词过滤掉 2 条（公示/名单/招生信息等）
候选 0 条：
  第 1 页 https://xsc.sspu.edu.cn/6127/list.htm -> 0 条
  第 2 页 https://xsc.sspu.edu.cn/6127/list2.psp -> 0 条
按标题关键词过滤掉 0 条（公示/名单/招生信息等）
候选 0 条：
  第 1 页 https://xsc.sspu.edu.cn/6129/list.htm -> 10 条
  第 2 页 https://xsc.sspu.edu.cn/6129/list2.psp -> 0 条
按标题关键词过滤掉 9 条（公示/名单/招生信息等）
候选 1 条：
  [page] 上海第二工业大学关于加强学生学风建设的实施办法（试行）
已保存正文页：data/raw/学生处/2019/学生处_上海第二工业大学关于加强学生学风建设的实施办法（试行）_2019.htm
本次处理 1 条，登记表累计 83 行
  第 1 页 https://xsc.sspu.edu.cn/6130/list.htm -> 9 条
  第 2 页 https://xsc.sspu.edu.cn/6130/list2.psp -> 0 条
按标题关键词过滤掉 9 条（公示/名单/招生信息等）
候选 0 条：
  第 1 页 https://xsc.sspu.edu.cn/6131/list.htm -> 1 条
  第 2 页 https://xsc.sspu.edu.cn/6131/list2.psp -> 0 条
按标题关键词过滤掉 1 条（公示/名单/招生信息等）
候选 0 条：
  第 1 页 https://xsc.sspu.edu.cn/6132/list.htm -> 4 条
  第 2 页 https://xsc.sspu.edu.cn/6132/list2.psp -> 0 条
按标题关键词过滤掉 4 条（公示/名单/招生信息等）
候选 0 条：
  第 1 页 https://xsc.sspu.edu.cn/6133/list.htm -> 7 条
  第 2 页 https://xsc.sspu.edu.cn/6133/list2.psp -> 0 条
按标题关键词过滤掉 7 条（公示/名单/招生信息等）
候选 0 条：
  第 1 页 https://xsc.sspu.edu.cn/6134/list.htm -> 12 条
  第 2 页 https://xsc.sspu.edu.cn/6134/list2.psp -> 0 条
按标题关键词过滤掉 12 条（公示/名单/招生信息等）
候选 0 条：
  第 1 页 https://xsc.sspu.edu.cn/6135/list.htm -> 14 条
  第 2 页 https://xsc.sspu.edu.cn/6135/list2.htm -> 1 条
按标题关键词过滤掉 14 条（公示/名单/招生信息等）
候选 0 条：
  第 1 页 https://xsc.sspu.edu.cn/6136/list.htm -> 6 条
  第 2 页 https://xsc.sspu.edu.cn/6136/list2.psp -> 0 条
按标题关键词过滤掉 6 条（公示/名单/招生信息等）
候选 0 条：
  第 1 页 https://xsc.sspu.edu.cn/6137/list.htm -> 0 条
  第 2 页 https://xsc.sspu.edu.cn/6137/list2.psp -> 0 条
按标题关键词过滤掉 0 条（公示/名单/招生信息等）
候选 0 条：
  第 1 页 https://xsc.sspu.edu.cn/6138/list.htm -> 10 条
  第 2 页 https://xsc.sspu.edu.cn/6138/list2.psp -> 0 条
按标题关键词过滤掉 9 条（公示/名单/招生信息等）
登记表里已有同一制度 1 条，跳过（避免信息公开与部门站重复收录）：
    上海第二工业大学关于加强学生学风建设的实施办法（试行）
候选 0 条：
  第 1 页 https://xsc.sspu.edu.cn/6139/list.htm -> 0 条
  第 2 页 https://xsc.sspu.edu.cn/6139/list2.psp -> 0 条
按标题关键词过滤掉 0 条（公示/名单/招生信息等）
候选 0 条：
  第 1 页 https://xsc.sspu.edu.cn/6140/list.htm -> 9 条
  第 2 页 https://xsc.sspu.edu.cn/6140/list2.psp -> 0 条
按标题关键词过滤掉 9 条（公示/名单/招生信息等）
候选 0 条：
  第 1 页 https://xsc.sspu.edu.cn/6141/list.htm -> 10 条
  第 2 页 https://xsc.sspu.edu.cn/6141/list2.psp -> 0 条
按标题关键词过滤掉 10 条（公示/名单/招生信息等）
候选 0 条：
  第 1 页 https://xsc.sspu.edu.cn/6142/list.htm -> 0 条
  第 2 页 https://xsc.sspu.edu.cn/6142/list2.psp -> 0 条
按标题关键词过滤掉 0 条（公示/名单/招生信息等）
候选 0 条：
  第 1 页 https://xsc.sspu.edu.cn/6143/list.htm -> 14 条
  第 2 页 https://xsc.sspu.edu.cn/6143/list2.htm -> 7 条
按标题关键词过滤掉 21 条（公示/名单/招生信息等）
候选 0 条：
  第 1 页 https://xsc.sspu.edu.cn/6144/list.htm -> 1 条
  第 2 页 https://xsc.sspu.edu.cn/6144/list2.psp -> 0 条
按标题关键词过滤掉 1 条（公示/名单/招生信息等）
候选 0 条：
  第 1 页 https://xsc.sspu.edu.cn/6145/list.htm -> 1 条
  第 2 页 https://xsc.sspu.edu.cn/6145/list2.psp -> 0 条
按标题关键词过滤掉 1 条（公示/名单/招生信息等）
候选 0 条：
  第 1 页 https://xsc.sspu.edu.cn/6146/list.htm -> 0 条
  第 2 页 https://xsc.sspu.edu.cn/6146/list2.htm -> 0 条
按标题关键词过滤掉 0 条（公示/名单/招生信息等）
候选 0 条：
  第 1 页 https://xsc.sspu.edu.cn/6147/list.htm -> 2 条
  第 2 页 https://xsc.sspu.edu.cn/6147/list2.psp -> 0 条
按标题关键词过滤掉 2 条（公示/名单/招生信息等）
候选 0 条：
  第 1 页 https://xsc.sspu.edu.cn/6148/list.htm -> 5 条
  第 2 页 https://xsc.sspu.edu.cn/6148/list2.psp -> 0 条
按标题关键词过滤掉 5 条（公示/名单/招生信息等）
候选 0 条：
  第 1 页 https://xsc.sspu.edu.cn/bmjs/list.htm -> 0 条
  第 2 页 https://xsc.sspu.edu.cn/bmjs/list2.psp -> 0 条
按标题关键词过滤掉 0 条（公示/名单/招生信息等）
候选 0 条：
  第 1 页 https://xsc.sspu.edu.cn/fwgl/list.htm -> 6 条
  第 2 页 https://xsc.sspu.edu.cn/fwgl/list2.psp -> 0 条
按标题关键词过滤掉 6 条（公示/名单/招生信息等）
候选 0 条：
  第 1 页 https://xsc.sspu.edu.cn/szjywyzssq/list.htm -> 6 条
  第 2 页 https://xsc.sspu.edu.cn/szjywyzssq/list2.psp -> 0 条
按标题关键词过滤掉 6 条（公示/名单/招生信息等）
候选 0 条：
  第 1 页 https://xsc.sspu.edu.cn/xgdt/list.htm -> 0 条
  第 2 页 https://xsc.sspu.edu.cn/xgdt/list2.htm -> 0 条
按标题关键词过滤掉 0 条（公示/名单/招生信息等）
候选 0 条：
  第 1 页 https://xsc.sspu.edu.cn/xgfc/list.htm -> 10 条
  第 2 页 https://xsc.sspu.edu.cn/xgfc/list2.htm -> 13 条
按标题关键词过滤掉 23 条（公示/名单/招生信息等）
候选 0 条：

########## 后勤保障处（14 个栏目） ##########
  第 1 页 https://hqbz.sspu.edu.cn/1507/list.psp -> 0 条
  第 2 页 https://hqbz.sspu.edu.cn/1507/list2.psp -> 0 条
按标题关键词过滤掉 0 条（公示/名单/招生信息等）
候选 0 条：
  第 1 页 https://hqbz.sspu.edu.cn/1508/list.psp -> 3 条
  第 2 页 https://hqbz.sspu.edu.cn/1508/list2.psp -> 0 条
按标题关键词过滤掉 3 条（公示/名单/招生信息等）
候选 0 条：
  第 1 页 https://hqbz.sspu.edu.cn/1509/list.htm -> 1 条
  第 2 页 https://hqbz.sspu.edu.cn/1509/list2.htm -> 10 条
按标题关键词过滤掉 10 条（公示/名单/招生信息等）
候选 0 条：
  第 1 页 https://hqbz.sspu.edu.cn/1510/list.psp -> 1 条
  第 2 页 https://hqbz.sspu.edu.cn/1510/list2.psp -> 1 条
按标题关键词过滤掉 1 条（公示/名单/招生信息等）
候选 0 条：
  第 1 页 https://hqbz.sspu.edu.cn/1511/list.htm -> 1 条
  第 2 页 https://hqbz.sspu.edu.cn/1511/list2.psp -> 0 条
按标题关键词过滤掉 1 条（公示/名单/招生信息等）
候选 0 条：
  第 1 页 https://hqbz.sspu.edu.cn/1512/list.psp -> 1 条
  第 2 页 https://hqbz.sspu.edu.cn/1512/list2.psp -> 0 条
按标题关键词过滤掉 1 条（公示/名单/招生信息等）
候选 0 条：
  第 1 页 https://hqbz.sspu.edu.cn/1513/list.htm -> 9 条
  第 2 页 https://hqbz.sspu.edu.cn/1513/list2.psp -> 1 条
按标题关键词过滤掉 10 条（公示/名单/招生信息等）
候选 0 条：
  第 1 页 https://hqbz.sspu.edu.cn/_s97/1514/list.psp -> 0 条
  第 2 页 https://hqbz.sspu.edu.cn/_s97/1514/list2.psp -> 0 条
按标题关键词过滤掉 0 条（公示/名单/招生信息等）
候选 0 条：
  第 1 页 https://hqbz.sspu.edu.cn/_s97/1515/list.psp -> 0 条
  第 2 页 https://hqbz.sspu.edu.cn/_s97/1515/list2.psp -> 0 条
按标题关键词过滤掉 0 条（公示/名单/招生信息等）
候选 0 条：
  第 1 页 https://hqbz.sspu.edu.cn/_s97/1516/list.psp -> 6 条
  第 2 页 https://hqbz.sspu.edu.cn/_s97/1516/list2.psp -> 1 条
按标题关键词过滤掉 6 条（公示/名单/招生信息等）
候选 0 条：
  第 1 页 https://hqbz.sspu.edu.cn/_s97/1517/list.psp -> 0 条
  第 2 页 https://hqbz.sspu.edu.cn/_s97/1517/list2.psp -> 0 条
按标题关键词过滤掉 0 条（公示/名单/招生信息等）
候选 0 条：
  第 1 页 https://hqbz.sspu.edu.cn/_s97/1519/list.psp -> 0 条
  第 2 页 https://hqbz.sspu.edu.cn/_s97/1519/list2.psp -> 0 条
按标题关键词过滤掉 0 条（公示/名单/招生信息等）
候选 0 条：
  第 1 页 https://hqbz.sspu.edu.cn/_s97/1520/list.psp -> 4 条
  第 2 页 https://hqbz.sspu.edu.cn/_s97/1520/list2.psp -> 1 条
按标题关键词过滤掉 4 条（公示/名单/招生信息等）
候选 0 条：
  第 1 页 https://hqbz.sspu.edu.cn/_s97/1521/list.psp -> 0 条
  第 2 页 https://hqbz.sspu.edu.cn/_s97/1521/list2.psp -> 0 条
按标题关键词过滤掉 0 条（公示/名单/招生信息等）
候选 0 条：

########## 信息公开（44 个栏目） ##########
  第 1 页 https://xxgk.sspu.edu.cn/3141/list.htm -> 0 条
  第 2 页 https://xxgk.sspu.edu.cn/3141/list2.psp -> 0 条
按标题关键词过滤掉 0 条（公示/名单/招生信息等）
候选 0 条：
  第 1 页 https://xxgk.sspu.edu.cn/3142/list.htm -> 0 条
  第 2 页 https://xxgk.sspu.edu.cn/3142/list2.psp -> 0 条
按标题关键词过滤掉 0 条（公示/名单/招生信息等）
候选 0 条：
  第 1 页 https://xxgk.sspu.edu.cn/3143/list.htm -> 0 条
  第 2 页 https://xxgk.sspu.edu.cn/3143/list2.psp -> 0 条
按标题关键词过滤掉 0 条（公示/名单/招生信息等）
候选 0 条：
  第 1 页 https://xxgk.sspu.edu.cn/3144/list.htm -> 14 条
  第 2 页 https://xxgk.sspu.edu.cn/3144/list2.psp -> 0 条
按标题关键词过滤掉 14 条（公示/名单/招生信息等）
候选 0 条：
  第 1 页 https://xxgk.sspu.edu.cn/3145/list.htm -> 0 条
  第 2 页 https://xxgk.sspu.edu.cn/3145/list2.psp -> 0 条
按标题关键词过滤掉 0 条（公示/名单/招生信息等）
候选 0 条：
  第 1 页 https://xxgk.sspu.edu.cn/3146/list.htm -> 7 条
  第 2 页 https://xxgk.sspu.edu.cn/3146/list2.psp -> 0 条
按标题关键词过滤掉 7 条（公示/名单/招生信息等）
候选 0 条：
  第 1 页 https://xxgk.sspu.edu.cn/3148/list.htm -> 14 条
  第 2 页 https://xxgk.sspu.edu.cn/3148/list2.htm -> 14 条
按标题关键词过滤掉 28 条（公示/名单/招生信息等）
候选 0 条：
  第 1 页 https://xxgk.sspu.edu.cn/3149/list.htm -> 14 条
  第 2 页 https://xxgk.sspu.edu.cn/3149/list2.htm -> 14 条
按标题关键词过滤掉 28 条（公示/名单/招生信息等）
候选 0 条：
  第 1 页 https://xxgk.sspu.edu.cn/3151/list.htm -> 0 条
  第 2 页 https://xxgk.sspu.edu.cn/3151/list2.psp -> 0 条
按标题关键词过滤掉 0 条（公示/名单/招生信息等）
候选 0 条：
  第 1 页 https://xxgk.sspu.edu.cn/3154/list.htm -> 0 条
  第 2 页 https://xxgk.sspu.edu.cn/3154/list2.psp -> 0 条
按标题关键词过滤掉 0 条（公示/名单/招生信息等）
候选 0 条：
  第 1 页 https://xxgk.sspu.edu.cn/3155/list.htm -> 0 条
  第 2 页 https://xxgk.sspu.edu.cn/3155/list2.psp -> 0 条
按标题关键词过滤掉 0 条（公示/名单/招生信息等）
候选 0 条：
  第 1 页 https://xxgk.sspu.edu.cn/3156/list.htm -> 0 条
  第 2 页 https://xxgk.sspu.edu.cn/3156/list2.psp -> 0 条
按标题关键词过滤掉 0 条（公示/名单/招生信息等）
候选 0 条：
  第 1 页 https://xxgk.sspu.edu.cn/3157/list.htm -> 0 条
  第 2 页 https://xxgk.sspu.edu.cn/3157/list2.psp -> 0 条
按标题关键词过滤掉 0 条（公示/名单/招生信息等）
候选 0 条：
  第 1 页 https://xxgk.sspu.edu.cn/3158/list.htm -> 7 条
  第 2 页 https://xxgk.sspu.edu.cn/3158/list2.psp -> 0 条
按标题关键词过滤掉 7 条（公示/名单/招生信息等）
候选 0 条：
  第 1 页 https://xxgk.sspu.edu.cn/3159/list.htm -> 0 条
  第 2 页 https://xxgk.sspu.edu.cn/3159/list2.psp -> 0 条
按标题关键词过滤掉 0 条（公示/名单/招生信息等）
候选 0 条：
  第 1 页 https://xxgk.sspu.edu.cn/3160/list.htm -> 6 条
  第 2 页 https://xxgk.sspu.edu.cn/3160/list2.psp -> 0 条
按标题关键词过滤掉 6 条（公示/名单/招生信息等）
候选 0 条：
  第 1 页 https://xxgk.sspu.edu.cn/3161/list.htm -> 0 条
  第 2 页 https://xxgk.sspu.edu.cn/3161/list2.psp -> 0 条
按标题关键词过滤掉 0 条（公示/名单/招生信息等）
候选 0 条：
  第 1 页 https://xxgk.sspu.edu.cn/3162/list.htm -> 0 条
  第 2 页 https://xxgk.sspu.edu.cn/3162/list2.psp -> 0 条
按标题关键词过滤掉 0 条（公示/名单/招生信息等）
候选 0 条：
  第 1 页 https://xxgk.sspu.edu.cn/3163/list.htm -> 14 条
  第 2 页 https://xxgk.sspu.edu.cn/3163/list2.htm -> 14 条
按标题关键词过滤掉 28 条（公示/名单/招生信息等）
候选 0 条：
  第 1 页 https://xxgk.sspu.edu.cn/3164/list.htm -> 14 条
  第 2 页 https://xxgk.sspu.edu.cn/3164/list2.htm -> 1 条
按标题关键词过滤掉 14 条（公示/名单/招生信息等）
候选 0 条：
  第 1 页 https://xxgk.sspu.edu.cn/bysjyzlndbg/list.htm -> 0 条
  第 2 页 https://xxgk.sspu.edu.cn/bysjyzlndbg/list2.psp -> 0 条
按标题关键词过滤掉 0 条（公示/名单/招生信息等）
候选 0 条：
  第 1 页 https://xxgk.sspu.edu.cn/cwyzcgl/list.htm -> 36 条
  第 2 页 https://xxgk.sspu.edu.cn/cwyzcgl/list2.htm -> 36 条
按标题关键词过滤掉 27 条（公示/名单/招生信息等）
登记表里已有同一制度 1 条，跳过（避免信息公开与部门站重复收录）：
    上海市市级机关外宾接待经费管理办法
候选 8 条：
  [page] 上海第二工业大学房屋资产出租出借管理办法（试行）
  [page] 上海第二工业大学国有资产自主处置管理实施细则（试行）
  [page] 上海第二工业大学固定资产处置实施细则（试行）
  [page] 上海第二工业大学材料、低值品及易耗品管理办法（修订）
  [page] 上海第二工业大学仪器设备损坏丢失赔偿实施细则（试行）
  [page] 上海第二工业大学大型精密仪器设备管理细则（试行）
  [page] 上海第二工业大学仪器设备维修管理细则（试行）
  [page] 上海第二工业大学固定资产管理办法（试行）
  正文内发现 2 个附件，改取附件
已保存：data/raw/信息公开/2020/信息公开_《上海第二工业大学房屋资产出租出借审批表》_2020.docx  扫描件= 页数=
  正文内发现 1 个附件，改取附件
已保存：data/raw/信息公开/2020/信息公开_资产自主处置报废流程图_2020.docx  扫描件= 页数=
  正文内发现 1 个附件，改取附件
已保存：data/raw/信息公开/2022/信息公开_固定资产处置流程图_2022.docx  扫描件= 页数=
已保存正文页：data/raw/信息公开/2022/信息公开_上海第二工业大学材料、低值品及易耗品管理办法（修订）_2022.htm
  正文内发现 1 个附件，改取附件
已保存：data/raw/信息公开/2020/信息公开_附件：《上海第二工业大学仪器设备损坏丢失赔偿工作流程》_2020.doc  扫描件= 页数=
  正文内发现 3 个附件，改取附件
已保存：data/raw/信息公开/2020/信息公开_附件1：国家科委统一管理的二十三种大型精密仪器目录_2020.docx  扫描件= 页数=
  正文内发现 3 个附件，改取附件
已保存：data/raw/信息公开/2020/信息公开_附件1：《上海第二工业大学仪器设备维护维修工作流程》_2020.docx  扫描件= 页数=
  正文内发现 4 个附件，改取附件
已保存：data/raw/信息公开/2020/信息公开_附件1：上海第二工业大学固定资产（低值耐久品）验收入库工作流程_2020.doc  扫描件= 页数=
本次处理 8 条，登记表累计 91 行
  第 1 页 https://xxgk.sspu.edu.cn/ghjh/list.htm -> 17 条
  第 2 页 https://xxgk.sspu.edu.cn/ghjh/list2.psp -> 17 条
按标题关键词过滤掉 17 条（公示/名单/招生信息等）
候选 0 条：
  第 1 页 https://xxgk.sspu.edu.cn/gjjlyhz/list.htm -> 10 条
  第 2 页 https://xxgk.sspu.edu.cn/gjjlyhz/list2.psp -> 10 条
按标题关键词过滤掉 7 条（公示/名单/招生信息等）
候选 3 条：
  [page] 上海第二工业大学学生海外项目管理办法
  [page] 上海第二工业大学外国留学生教育管理办法  （2023年修订）
  [file] 留学生规章制度
  正文内发现 9 个附件，改取附件
已保存：data/raw/信息公开/2022/信息公开_附件一：_上海第二工业大学学生海外项目申请表_2022.doc  扫描件= 页数=
已保存正文页：data/raw/信息公开/2024/信息公开_上海第二工业大学外国留学生教育管理办法_（2023年修订）_2024.htm
已保存：data/raw/信息公开/unknown/信息公开_留学生规章制度_unknown.pdf  扫描件=False 页数=43
本次处理 3 条，登记表累计 94 行
  第 1 页 https://xxgk.sspu.edu.cn/hqbz/list.htm -> 17 条
  第 2 页 https://xxgk.sspu.edu.cn/hqbz/list2.psp -> 17 条
按标题关键词过滤掉 14 条（公示/名单/招生信息等）
候选 3 条：
  [page] 上海第二工业大学学生公寓管理条例
  [page] 上海第二工业大学餐饮服务管理细则
  [page] 上海第二工业大学学生医疗管理实施办法(2023年6月修订)
已保存正文页：data/raw/信息公开/2025/信息公开_上海第二工业大学学生公寓管理条例_2025.htm
已保存正文页：data/raw/信息公开/2025/信息公开_上海第二工业大学餐饮服务管理细则_2025.htm
已保存正文页：data/raw/信息公开/2025/信息公开_上海第二工业大学学生医疗管理实施办法(2023年6月修订)_2025.htm
本次处理 3 条，登记表累计 97 行
  第 1 页 https://xxgk.sspu.edu.cn/jdgz/list.htm -> 1 条
  第 2 页 https://xxgk.sspu.edu.cn/jdgz/list2.psp -> 1 条
按标题关键词过滤掉 1 条（公示/名单/招生信息等）
候选 0 条：
  第 1 页 https://xxgk.sspu.edu.cn/jdtssl/list.htm -> 0 条
  第 2 页 https://xxgk.sspu.edu.cn/jdtssl/list2.psp -> 0 条
按标题关键词过滤掉 0 条（公示/名单/招生信息等）
候选 0 条：
  第 1 页 https://xxgk.sspu.edu.cn/jjywxgcgl/list.htm -> 33 条
  第 2 页 https://xxgk.sspu.edu.cn/jjywxgcgl/list2.psp -> 33 条
按标题关键词过滤掉 28 条（公示/名单/招生信息等）
  旧版本丢弃：上海第二工业大学基建、维修管理制度汇编（2020-2021）
候选 4 条：
  [page] 基建处〔2025〕01号 《基建处内控管理办法》
  [file] 上海第二工业大学基建、维修管理制度汇编（2021-2022）
  [file] 上海第二工业大学维修项目管理制度汇编（2019）
  [file] 上海第二工业大学基建项目管理制度汇编（2019）
已保存正文页：data/raw/信息公开/2025/信息公开_基建处〔2025〕01号_《基建处内控管理办法》_2025.htm
已保存：data/raw/信息公开/unknown/信息公开_上海第二工业大学基建、维修管理制度汇编（2021-2022）_unknown.pdf  扫描件=False 页数=140
已保存：data/raw/信息公开/2019/信息公开_上海第二工业大学维修项目管理制度汇编（2019）_2019.pdf  扫描件=False 页数=72
已保存：data/raw/信息公开/2019/信息公开_上海第二工业大学基建项目管理制度汇编（2019）_2019.pdf  扫描件=False 页数=65
本次处理 4 条，登记表累计 101 行
  第 1 页 https://xxgk.sspu.edu.cn/jsrs/list.htm -> 26 条
  第 2 页 https://xxgk.sspu.edu.cn/jsrs/list2.psp -> 26 条
按标题关键词过滤掉 23 条（公示/名单/招生信息等）
候选 3 条：
  [page] 上海第二工业大学 教师岗位及其他专业技术岗位聘任（定级）实施细则 （2018年修订）
  [page] 上海第二工业大学教职工申诉处置办法（试行）
  [page] 上海第二工业大学人事争议处理调解办法（暂行）
已保存正文页：data/raw/信息公开/2019/信息公开_上海第二工业大学_教师岗位及其他专业技术岗位聘任（定级）实施细则_（2018年修订）_2019.htm
已保存正文页：data/raw/信息公开/2019/信息公开_上海第二工业大学教职工申诉处置办法（试行）_2019.htm
已保存正文页：data/raw/信息公开/2016/信息公开_上海第二工业大学人事争议处理调解办法（暂行）_2016.htm
本次处理 3 条，登记表累计 104 行
  第 1 页 https://xxgk.sspu.edu.cn/jxgl/list.htm -> 49 条
  第 2 页 https://xxgk.sspu.edu.cn/jxgl/list2.psp -> 49 条
按标题关键词过滤掉 49 条（公示/名单/招生信息等）
候选 0 条：
  第 1 页 https://xxgk.sspu.edu.cn/kygl/list.htm -> 9 条
  第 2 页 https://xxgk.sspu.edu.cn/kygl/list2.psp -> 9 条
按标题关键词过滤掉 8 条（公示/名单/招生信息等）
候选 1 条：
  [page] 上海第二工业大学科技成果转化与实施细则
已保存正文页：data/raw/信息公开/2016/信息公开_上海第二工业大学科技成果转化与实施细则_2016.htm
本次处理 1 条，登记表累计 105 行
  请求失败：https://xxgk.sspu.edu.cn/2023/1222/c3365a141199/page.htm (410 Client Error:  for url: https://xxgk.sspu.edu.cn/2023/1222/c3365a141199/page.psp)
  请求失败：https://xxgk.sspu.edu.cn/2023/1010/c3367a111575/page.htm (410 Client Error:  for url: https://xxgk.sspu.edu.cn/2023/1010/c3367a111575/page.psp)
  请求失败：https://xxgk.sspu.edu.cn/2023/1010/c3367a111572/page.htm (410 Client Error:  for url: https://xxgk.sspu.edu.cn/2023/1010/c3367a111572/page.psp)
  请求失败：https://xxgk.sspu.edu.cn/2023/1010/c3367a111569/page.htm (410 Client Error:  for url: https://xxgk.sspu.edu.cn/2023/1010/c3367a111569/page.psp)
  请求失败：https://xxgk.sspu.edu.cn/2023/1010/c3370a111594/page.htm (410 Client Error:  for url: https://xxgk.sspu.edu.cn/2023/1010/c3370a111594/page.psp)
  请求失败：https://xxgk.sspu.edu.cn/2023/1010/c3374a111615/page.htm (410 Client Error:  for url: https://xxgk.sspu.edu.cn/2023/1010/c3374a111615/page.psp)
  第 1 页 https://xxgk.sspu.edu.cn/ptgxzsxx/list.htm -> 53 条
  第 2 页 https://xxgk.sspu.edu.cn/ptgxzsxx/list2.htm -> 67 条
按标题关键词过滤掉 101 条（公示/名单/招生信息等）
  旧版本丢弃：2023年三校生招生章程
  旧版本丢弃：2023年上海市普通高校专科层次依法自主招生章程
  旧版本丢弃：2023年上海市普通高等学校全国统考招生章程  （秋季统一高考）
候选 11 条：
  [page] 2026年春季高考招生章程
  [page] 2026年专科层次依法自主招生章程
  [page] 2026年上海第二工业大学中本贯通转段办法
  [page] 2026年上海第二工业大学三校生招生章程
  [page] 2026上海第二工业大学“专升本”(高本贯通）招生章程
  [page] 2024年春季招生章程
  [page] 2023年三校生招生章程
  [page] 2023年上海市普通高等学校全国统考招生章程  （秋季统一高考）
  [page] 2023年上海市普通高校春季考试招生章程
  [page] 2023年上海市普通高校专科层次依法自主招生章程
  [page] 2023上海市普通高校“专升本”(高本贯通）招生章程
已保存正文页：data/raw/信息公开/2025/信息公开_2026年春季高考招生章程_2025.htm
已保存正文页：data/raw/信息公开/2026/信息公开_2026年专科层次依法自主招生章程_2026.htm
已保存正文页：data/raw/信息公开/2026/信息公开_2026年上海第二工业大学中本贯通转段办法_2026.htm
已保存正文页：data/raw/信息公开/2026/信息公开_2026年上海第二工业大学三校生招生章程_2026.htm
已保存正文页：data/raw/信息公开/2026/信息公开_2026上海第二工业大学“专升本”(高本贯通）招生章程_2026.htm
本次处理 5 条，登记表累计 110 行
  第 1 页 https://xxgk.sspu.edu.cn/shdegydxxxgkml/list.htm -> 0 条
  第 2 页 https://xxgk.sspu.edu.cn/shdegydxxxgkml/list2.psp -> 0 条
按标题关键词过滤掉 0 条（公示/名单/招生信息等）
候选 0 条：
  第 1 页 https://xxgk.sspu.edu.cn/tslm/list.htm -> 21 条
  第 2 页 https://xxgk.sspu.edu.cn/tslm/list2.psp -> 21 条
按标题关键词过滤掉 21 条（公示/名单/招生信息等）
候选 0 条：
  第 1 页 https://xxgk.sspu.edu.cn/tslm_5561/list.htm -> 21 条
  第 2 页 https://xxgk.sspu.edu.cn/tslm_5561/list2.psp -> 21 条
按标题关键词过滤掉 21 条（公示/名单/招生信息等）
候选 0 条：
  第 1 页 https://xxgk.sspu.edu.cn/xfjs/list.htm -> 18 条
  第 2 页 https://xxgk.sspu.edu.cn/xfjs/list2.psp -> 18 条
按标题关键词过滤掉 8 条（公示/名单/招生信息等）
  旧版本丢弃：上海第二工业大学学术行为规范管理规定（修订）
  旧版本丢弃：上海第二工业大学学术行为规范管理规定（修订）
  旧版本丢弃：上海第二工业大学学术行为规范管理规定
  旧版本丢弃：上海第二工业大学科研诚信管理办法(试行)
  旧版本丢弃：上海第二工业大学科研诚信管理办法(试行)
候选 5 条：
  [page] 上海第二工业大学学术行为规范管理规定（修订）
  [page] 上海第二工业大学研究生学术道德行为规范管理办法
  [page] 上海第二工业大学科研诚信管理办法(试行)
  [page] 上海第二工业大学硕士研究生学位论文作假行为处理办法(试行)
  [page] 上海第二工业大学科研信用认定办法（试行）
已保存正文页：data/raw/信息公开/2025/信息公开_上海第二工业大学学术行为规范管理规定（修订）_2025.htm
已保存正文页：data/raw/信息公开/2016/信息公开_上海第二工业大学研究生学术道德行为规范管理办法_2016.htm
已保存正文页：data/raw/信息公开/2025/信息公开_上海第二工业大学科研诚信管理办法(试行)_2025.htm
已保存正文页：data/raw/信息公开/2016/信息公开_上海第二工业大学硕士研究生学位论文作假行为处理办法(试行)_2016.htm
已保存正文页：data/raw/信息公开/2016/信息公开_上海第二工业大学科研信用认定办法（试行）_2016.htm
本次处理 5 条，登记表累计 115 行
  第 1 页 https://xxgk.sspu.edu.cn/xsjlclbf/list.htm -> 6 条
  第 2 页 https://xxgk.sspu.edu.cn/xsjlclbf/list2.psp -> 0 条
按标题关键词过滤掉 0 条（公示/名单/招生信息等）
登记表里已有同一制度 6 条，跳过（避免信息公开与部门站重复收录）：
    上海第二工业大学本专科优秀毕业生评选办法
    上海第二工业大学本专科学生奖学金评定办法
    上海第二工业大学学生违纪处分办法
    上海第二工业大学学生考试违规认定与处理办法
    上海第二工业大学研究生学业奖学金评定管理办法(2023年修订)
候选 0 条：
  第 1 页 https://xxgk.sspu.edu.cn/xsjzgl/list.htm -> 14 条
  第 2 页 https://xxgk.sspu.edu.cn/xsjzgl/list2.htm -> 1 条
按标题关键词过滤掉 0 条（公示/名单/招生信息等）
登记表里已有同一制度 11 条，跳过（避免信息公开与部门站重复收录）：
    上海第二工业大学研究生国家助学金管理实施办法（2021年修订）
    上海第二工业大学本专科生国家励志奖学金实施办法（2023年修订）
    上海第二工业大学本专科生国家助学金实施办法（2023年修订）
    上海第二工业大学本专科学生家庭经济困难认定办法
    上海第二工业大学本专科优秀毕业生评选办法
候选 3 条：
  [page] 《上海第二工业大学学生生活园区管理办法》
  [page] 《上海第二工业大学本专科学生综合测评办法》
  [page] 上海第二工业大学本专科学生上海市奖学金实施办法（2023年修订）
已保存正文页：data/raw/信息公开/2023/信息公开_《上海第二工业大学学生生活园区管理办法》_2023.htm
已保存正文页：data/raw/信息公开/2023/信息公开_《上海第二工业大学本专科学生综合测评办法》_2023.htm
已保存正文页：data/raw/信息公开/2018/信息公开_上海第二工业大学本专科学生上海市奖学金实施办法（2023年修订）_2018.htm
本次处理 3 条，登记表累计 118 行
  第 1 页 https://xxgk.sspu.edu.cn/xssstjyclcx/list.htm -> 3 条
  第 2 页 https://xxgk.sspu.edu.cn/xssstjyclcx/list2.psp -> 0 条
按标题关键词过滤掉 0 条（公示/名单/招生信息等）
  旧版本丢弃：上海第二工业大学学生手册（2022版）
登记表里已有同一制度 1 条，跳过（避免信息公开与部门站重复收录）：
    上海第二工业大学学生申诉管理办法
候选 1 条：
  [page] 上海第二工业大学学生手册（2023版）
已保存正文页：data/raw/信息公开/2023/信息公开_上海第二工业大学学生手册（2023版）_2023.htm
本次处理 1 条，登记表累计 119 行
  第 1 页 https://xxgk.sspu.edu.cn/xsswgl/list.htm -> 40 条
  第 2 页 https://xxgk.sspu.edu.cn/xsswgl/list2.psp -> 40 条
按标题关键词过滤掉 10 条（公示/名单/招生信息等）
  旧版本丢弃：上海第二工业大学本专科优秀毕业生评选办法
  旧版本丢弃：上海第二工业大学本专科学生奖学金评定办法
  旧版本丢弃：上海第二工业大学研究生学业奖学金评定管理办法(2023年修订)
  旧版本丢弃：上海第二工业大学硕士研究生国家奖学金评审实施办法(2023年修订)
  旧版本丢弃：上海第二工业大学学生手册（2022版）
登记表里已有同一制度 20 条，跳过（避免信息公开与部门站重复收录）：
    上海第二工业大学全日制本专科学生学籍管理办法 （2024年修订）
    上海第二工业大学应征入伍学生学籍管理规定（2024年修订）
    上海第二工业大学研究生国家助学金管理实施办法（2021年修订）
    上海第二工业大学本专科生国家励志奖学金实施办法（2023年修订）
    上海第二工业大学本专科生国家助学金实施办法（2023年修订）
候选 5 条：
  [page] 上海第二工业大学非全日制硕士研究生管理办法（试行）
  [page] 上海第二工业大学全日制本专科学生学籍管理实施细则
  [page] 上海第二工业大学硕士研究生学籍管理实施细则
  [page] 上海第二工业大学硕士研究生学籍管理办法（2017年修订）
  [page] 上海第二工业大学全日制专业学位研究生学籍管理条例（试行）
已保存正文页：data/raw/信息公开/2023/信息公开_上海第二工业大学非全日制硕士研究生管理办法（试行）_2023.htm
已保存正文页：data/raw/信息公开/2022/信息公开_上海第二工业大学全日制本专科学生学籍管理实施细则_2022.htm
已保存正文页：data/raw/信息公开/2022/信息公开_上海第二工业大学硕士研究生学籍管理实施细则_2022.htm
已保存正文页：data/raw/信息公开/2023/信息公开_上海第二工业大学硕士研究生学籍管理办法（2017年修订）_2023.htm
已保存正文页：data/raw/信息公开/2016/信息公开_上海第二工业大学全日制专业学位研究生学籍管理条例（试行）_2016.htm
本次处理 5 条，登记表累计 124 行
  第 1 页 https://xxgk.sspu.edu.cn/xsxjglgd/list.htm -> 0 条
  第 2 页 https://xxgk.sspu.edu.cn/xsxjglgd/list2.psp -> 0 条
按标题关键词过滤掉 0 条（公示/名单/招生信息等）
候选 0 条：
  第 1 页 https://xxgk.sspu.edu.cn/xwgl/list.htm -> 4 条
  第 2 页 https://xxgk.sspu.edu.cn/xwgl/list2.psp -> 4 条
按标题关键词过滤掉 0 条（公示/名单/招生信息等）
候选 4 条：
  [page] 上海第二工业大学硕士学位授予办法（2022年修订）
  [page] 上海第二工业大学高等学历继续教育学士学位授予办法
  [page] 《上海第二工业大学普通全日制学士学位授予办法（试行）》
  [page] 授予硕士学位同等学力人员资格审查和学力水平认定管理规定
已保存正文页：data/raw/信息公开/2023/信息公开_上海第二工业大学硕士学位授予办法（2022年修订）_2023.htm
已保存正文页：data/raw/信息公开/2020/信息公开_上海第二工业大学高等学历继续教育学士学位授予办法_2020.htm
已保存正文页：data/raw/信息公开/2020/信息公开_《上海第二工业大学普通全日制学士学位授予办法（试行）》_2020.htm
已保存正文页：data/raw/信息公开/2017/信息公开_授予硕士学位同等学力人员资格审查和学力水平认定管理规定_2017.htm
本次处理 4 条，登记表累计 128 行
  PDF 解析失败：cryptography>=3.1 is required for AES algorithm
  PDF 解析失败：cryptography>=3.1 is required for AES algorithm
  PDF 解析失败：cryptography>=3.1 is required for AES algorithm
  PDF 解析失败：cryptography>=3.1 is required for AES algorithm
  PDF 解析失败：cryptography>=3.1 is required for AES algorithm
  第 1 页 https://xxgk.sspu.edu.cn/xxjbqk/list.htm -> 43 条
  第 2 页 https://xxgk.sspu.edu.cn/xxjbqk/list2.psp -> 43 条
按标题关键词过滤掉 34 条（公示/名单/招生信息等）
  旧版本丢弃：上海第二工业大学章程
候选 8 条：
  [page] 上海第二工业大学章程（2023年修订版）
  [file] 上海第二工业大学聘任制干部管理办法（试行）
  [file] 上海第二工业大学落实“三重一大”制度实施办法
  [file] 上海第二工业大学应急预案汇编
  [page] 上海第二工业大学工作流程汇编
  [page] 上海第二工业大学校园网管理办法
  [file] 上海第二工业大学学术委员会章程（修订稿）
  [page] 上海第二工业大学教职工代表大会实施细则  （2022修订）
已保存正文页：data/raw/信息公开/2023/信息公开_上海第二工业大学章程（2023年修订版）_2023.htm
已保存：data/raw/信息公开/unknown/信息公开_上海第二工业大学聘任制干部管理办法（试行）_unknown.pdf  扫描件= 页数=
已保存：data/raw/信息公开/unknown/信息公开_上海第二工业大学落实“三重一大”制度实施办法_unknown.pdf  扫描件= 页数=
已保存：data/raw/信息公开/unknown/信息公开_上海第二工业大学应急预案汇编_unknown.pdf  扫描件= 页数=
  正文内发现 2 个附件，改取附件
已保存：data/raw/信息公开/2019/信息公开_1、上海第二工业大学工作流程汇编（上册）_2019.pdf  扫描件= 页数=
已保存正文页：data/raw/信息公开/2016/信息公开_上海第二工业大学校园网管理办法_2016.htm
已保存：data/raw/信息公开/unknown/信息公开_上海第二工业大学学术委员会章程（修订稿）_unknown.pdf  扫描件= 页数=
已保存正文页：data/raw/信息公开/2023/信息公开_上海第二工业大学教职工代表大会实施细则_（2022修订）_2023.htm
本次处理 8 条，登记表累计 136 行
  第 1 页 https://xxgk.sspu.edu.cn/yjszsxx/list.htm -> 57 条
  第 2 页 https://xxgk.sspu.edu.cn/yjszsxx/list2.htm -> 57 条
按标题关键词过滤掉 53 条（公示/名单/招生信息等）
候选 4 条：
  [page] 上海第二工业大学2024年硕士研究生招生复试录取办法
  [page] 上海第二工业大学2023年硕士研究生招生复试录取办法
  [page] 上海第二工业大学2022年硕士研究生招生复试录取办法
  [page] 上海第二工业大学2021年硕士研究生招生复试录取办法
已保存正文页：data/raw/信息公开/2024/信息公开_上海第二工业大学2024年硕士研究生招生复试录取办法_2024.htm
已保存正文页：data/raw/信息公开/2023/信息公开_上海第二工业大学2023年硕士研究生招生复试录取办法_2023.htm
已保存正文页：data/raw/信息公开/2022/信息公开_上海第二工业大学2022年硕士研究生招生复试录取办法_2022.htm
已保存正文页：data/raw/信息公开/2021/信息公开_上海第二工业大学2021年硕士研究生招生复试录取办法_2021.htm
本次处理 4 条，登记表累计 140 行
